Archive member included to satisfy reference by file (symbol)

C:/nxp/MCUXpressoIDE_25.6.136/ide/plugins/com.nxp.mcuxpresso.tools.win32_25.6.0.202501151204/tools/bin/../lib/gcc/arm-none-eabi/14.2.1/../../../../arm-none-eabi/lib/thumb/v8-m.main+fp/hard\libcr_nohost_nf.a(_cr__main.o)
                              ./startup/startup_mcxn947_cm33_core0.o (__main)
C:/nxp/MCUXpressoIDE_25.6.136/ide/plugins/com.nxp.mcuxpresso.tools.win32_25.6.0.202501151204/tools/bin/../lib/gcc/arm-none-eabi/14.2.1/../../../../arm-none-eabi/lib/thumb/v8-m.main+fp/hard\libcr_c.a(memcpy.o)
                              ./utilities/str/fsl_str.o (memcpy)
C:/nxp/MCUXpressoIDE_25.6.136/ide/plugins/com.nxp.mcuxpresso.tools.win32_25.6.0.202501151204/tools/bin/../lib/gcc/arm-none-eabi/14.2.1/../../../../arm-none-eabi/lib/thumb/v8-m.main+fp/hard\libcr_c.a(memset.o)
                              ./utilities/debug_console/fsl_debug_console.o (memset)
C:/nxp/MCUXpressoIDE_25.6.136/ide/plugins/com.nxp.mcuxpresso.tools.win32_25.6.0.202501151204/tools/bin/../lib/gcc/arm-none-eabi/14.2.1/../../../../arm-none-eabi/lib/thumb/v8-m.main+fp/hard\libcr_c.a(alloc.o)
                              ./drivers/fsl_common.o (malloc)
C:/nxp/MCUXpressoIDE_25.6.136/ide/plugins/com.nxp.mcuxpresso.tools.win32_25.6.0.202501151204/tools/bin/../lib/gcc/arm-none-eabi/14.2.1/../../../../arm-none-eabi/lib/thumb/v8-m.main+fp/hard\libcr_c.a(errno.o)
                              ./utilities/str/fsl_str.o (errno)
C:/nxp/MCUXpressoIDE_25.6.136/ide/plugins/com.nxp.mcuxpresso.tools.win32_25.6.0.202501151204/tools/bin/../lib/gcc/arm-none-eabi/14.2.1/../../../../arm-none-eabi/lib/thumb/v8-m.main+fp/hard\libcr_c.a(initio.o)
                              C:/nxp/MCUXpressoIDE_25.6.136/ide/plugins/com.nxp.mcuxpresso.tools.win32_25.6.0.202501151204/tools/bin/../lib/gcc/arm-none-eabi/14.2.1/../../../../arm-none-eabi/lib/thumb/v8-m.main+fp/hard\libcr_nohost_nf.a(_cr__main.o) (_initio)
C:/nxp/MCUXpressoIDE_25.6.136/ide/plugins/com.nxp.mcuxpresso.tools.win32_25.6.0.202501151204/tools/bin/../lib/gcc/arm-none-eabi/14.2.1/../../../../arm-none-eabi/lib/thumb/v8-m.main+fp/hard\libcr_c.a(scanf.o)
                              ./utilities/str/fsl_str.o (strtoul)
C:/nxp/MCUXpressoIDE_25.6.136/ide/plugins/com.nxp.mcuxpresso.tools.win32_25.6.0.202501151204/tools/bin/../lib/gcc/arm-none-eabi/14.2.1/../../../../arm-none-eabi/lib/thumb/v8-m.main+fp/hard\libcr_c.a(setvbuf.o)
                              C:/nxp/MCUXpressoIDE_25.6.136/ide/plugins/com.nxp.mcuxpresso.tools.win32_25.6.0.202501151204/tools/bin/../lib/gcc/arm-none-eabi/14.2.1/../../../../arm-none-eabi/lib/thumb/v8-m.main+fp/hard\libcr_c.a(initio.o) (setvbuf)
C:/nxp/MCUXpressoIDE_25.6.136/ide/plugins/com.nxp.mcuxpresso.tools.win32_25.6.0.202501151204/tools/bin/../lib/gcc/arm-none-eabi/14.2.1/../../../../arm-none-eabi/lib/thumb/v8-m.main+fp/hard\libcr_c.a(strlen.o)
                              ./utilities/str/fsl_str.o (strlen)
C:/nxp/MCUXpressoIDE_25.6.136/ide/plugins/com.nxp.mcuxpresso.tools.win32_25.6.0.202501151204/tools/bin/../lib/gcc/arm-none-eabi/14.2.1/../../../../arm-none-eabi/lib/thumb/v8-m.main+fp/hard\libcr_c.a(ungetc.o)
                              C:/nxp/MCUXpressoIDE_25.6.136/ide/plugins/com.nxp.mcuxpresso.tools.win32_25.6.0.202501151204/tools/bin/../lib/gcc/arm-none-eabi/14.2.1/../../../../arm-none-eabi/lib/thumb/v8-m.main+fp/hard\libcr_c.a(scanf.o) (ungetc)
C:/nxp/MCUXpressoIDE_25.6.136/ide/plugins/com.nxp.mcuxpresso.tools.win32_25.6.0.202501151204/tools/bin/../lib/gcc/arm-none-eabi/14.2.1/../../../../arm-none-eabi/lib/thumb/v8-m.main+fp/hard\libcr_c.a(__fillbuf.o)
                              C:/nxp/MCUXpressoIDE_25.6.136/ide/plugins/com.nxp.mcuxpresso.tools.win32_25.6.0.202501151204/tools/bin/../lib/gcc/arm-none-eabi/14.2.1/../../../../arm-none-eabi/lib/thumb/v8-m.main+fp/hard\libcr_c.a(scanf.o) (__filbuf)
C:/nxp/MCUXpressoIDE_25.6.136/ide/plugins/com.nxp.mcuxpresso.tools.win32_25.6.0.202501151204/tools/bin/../lib/gcc/arm-none-eabi/14.2.1/../../../../arm-none-eabi/lib/thumb/v8-m.main+fp/hard\libcr_c.a(__init_alloc.o)
                              C:/nxp/MCUXpressoIDE_25.6.136/ide/plugins/com.nxp.mcuxpresso.tools.win32_25.6.0.202501151204/tools/bin/../lib/gcc/arm-none-eabi/14.2.1/../../../../arm-none-eabi/lib/thumb/v8-m.main+fp/hard\libcr_c.a(alloc.o) (__heaps)
C:/nxp/MCUXpressoIDE_25.6.136/ide/plugins/com.nxp.mcuxpresso.tools.win32_25.6.0.202501151204/tools/bin/../lib/gcc/arm-none-eabi/14.2.1/../../../../arm-none-eabi/lib/thumb/v8-m.main+fp/hard\libcr_c.a(_cr_sbrk.o)
                              C:/nxp/MCUXpressoIDE_25.6.136/ide/plugins/com.nxp.mcuxpresso.tools.win32_25.6.0.202501151204/tools/bin/../lib/gcc/arm-none-eabi/14.2.1/../../../../arm-none-eabi/lib/thumb/v8-m.main+fp/hard\libcr_c.a(alloc.o) (_sbrk)
[...]
Memory Configuration

Name             Origin             Length             Attributes
PROGRAM_FLASH0   0x00000000         0x00100000         xr
PROGRAM_FLASH1   0x00100000         0x00100000         xr
SRAM             0x20000000         0x00060000         xrw
SRAMX            0x04000000         0x00018000         xrw
SRAMH            0x20060000         0x00008000         xrw
USB_RAM          0x400ba000         0x00001000         xrw
*default*        0x00000000         0xffffffff

Linker script and memory map

LOAD ./utilities/str/fsl_str.o
LOAD ./utilities/debug_console/fsl_debug_console.o
LOAD ./utilities/fsl_assert.o
LOAD ./startup/boot_multicore_slave.o
LOAD ./startup/startup_mcxn947_cm33_core0.o
LOAD ./source/MCXN947_Project_pwm_1.o
LOAD ./source/semihost_hardfault.o
LOAD ./drivers/fsl_clock.o
LOAD ./drivers/fsl_common.o
LOAD ./drivers/fsl_common_arm.o
LOAD ./drivers/fsl_gpio.o
LOAD ./drivers/fsl_lpflexcomm.o
LOAD ./drivers/fsl_lpi2c.o
LOAD ./drivers/fsl_lpspi.o
LOAD ./drivers/fsl_lpuart.o
LOAD ./drivers/fsl_pwm.o
LOAD ./drivers/fsl_reset.o
LOAD ./drivers/fsl_spc.o
LOAD ./device/system_MCXN947_cm33_core0.o
LOAD ./component/uart/fsl_adapter_lpuart.o
LOAD ./component/serial_manager/fsl_component_serial_manager.o
LOAD ./component/serial_manager/fsl_component_serial_port_uart.o
LOAD ./component/lists/fsl_component_generic_list.o
LOAD ./board/board.o
LOAD ./board/clock_config.o
LOAD ./board/peripherals.o
LOAD ./board/pin_mux.o
START GROUP
LOAD C:/nxp/MCUXpressoIDE_25.6.136/ide/plugins/com.nxp.mcuxpresso.tools.win32_25.6.0.202501151204/tools/bin/../lib/gcc/arm-none-eabi/14.2.1/../../../../arm-none-eabi/lib/thumb/v8-m.main+fp/hard\libcr_nohost_nf.a
LOAD C:/nxp/MCUXpressoIDE_25.6.136/ide/plugins/com.nxp.mcuxpresso.tools.win32_25.6.0.202501151204/tools/bin/../lib/gcc/arm-none-eabi/14.2.1/../../../../arm-none-eabi/lib/thumb/v8-m.main+fp/hard\libcr_c.a
LOAD C:/nxp/MCUXpressoIDE_25.6.136/ide/plugins/com.nxp.mcuxpresso.tools.win32_25.6.0.202501151204/tools/bin/../lib/gcc/arm-none-eabi/14.2.1/thumb/v8-m.main+fp/hard\libcr_eabihelpers.a
LOAD C:/nxp/MCUXpressoIDE_25.6.136/ide/plugins/com.nxp.mcuxpresso.tools.win32_25.6.0.202501151204/tools/bin/../lib/gcc/arm-none-eabi/14.2.1/thumb/v8-m.main+fp/hard\libgcc.a
END GROUP
                0x00000000                        __base_PROGRAM_FLASH0 = 0x0
                0x00000000                        __base_Flash = 0x0
                0x00100000                        __top_PROGRAM_FLASH0 = 0x100000
                0x00100000                        __top_Flash = 0x100000
                0x00100000                        __base_PROGRAM_FLASH1 = 0x100000
                0x00100000                        __base_Flash2 = 0x100000
                0x00200000                        __top_PROGRAM_FLASH1 = 0x200000
                0x00200000                        __top_Flash2 = 0x200000
                0x20000000                        __base_SRAM = 0x20000000
                0x20000000                        __base_RAM = 0x20000000
                0x20060000                        __top_SRAM = 0x20060000
                0x20060000                        __top_RAM = 0x20060000
                0x04000000                        __base_SRAMX = 0x4000000
                0x04000000                        __base_RAM2 = 0x4000000
                0x04018000                        __top_SRAMX = 0x4018000
                0x04018000                        __top_RAM2 = 0x4018000
                0x20060000                        __base_SRAMH = 0x20060000
                0x20060000                        __base_RAM3 = 0x20060000
                0x20068000                        __top_SRAMH = 0x20068000
                0x20068000                        __top_RAM3 = 0x20068000
                0x400ba000                        __base_USB_RAM = 0x400ba000
                0x400ba000                        __base_RAM4 = 0x400ba000
                0x400bb000                        __top_USB_RAM = 0x400bb000
                0x400bb000                        __top_RAM4 = 0x400bb000

.text_Flash2    0x00100000        0x0
 FILL mask 0xff
 *(SORT_BY_ALIGNMENT(.text_Flash2))
 *(SORT_BY_ALIGNMENT(.text_PROGRAM_FLASH1))
 *(SORT_BY_ALIGNMENT(.text.$Flash2))
 *(SORT_BY_ALIGNMENT(.text.$PROGRAM_FLASH1))
 *(SORT_BY_ALIGNMENT(.text_Flash2.*))
 *(SORT_BY_ALIGNMENT(.text_PROGRAM_FLASH1.*))
 *(SORT_BY_ALIGNMENT(.text.$Flash2.*))
 *(SORT_BY_ALIGNMENT(.text.$PROGRAM_FLASH1.*))
 *(SORT_BY_ALIGNMENT(.rodata.$Flash2))
 *(SORT_BY_ALIGNMENT(.rodata.$PROGRAM_FLASH1))
 *(SORT_BY_ALIGNMENT(.rodata.$Flash2.*))
 *(SORT_BY_ALIGNMENT(.rodata.$PROGRAM_FLASH1.*))

.text           0x00000000     0x3b00
 FILL mask 0xff
                0x00000000                        __vectors_start__ = ABSOLUTE (.)
 *(SORT_BY_ALIGNMENT(.isr_vector))
 .isr_vector    0x00000000      0x2b0 ./startup/startup_mcxn947_cm33_core0.o
                0x00000000                g_pfnVectors
                0x00000000                __Vectors
                0x000002b0                        . = ALIGN (0x4)
                0x000002b0                        __section_table_start = .
                0x000002b0                        __data_section_table = .
                0x000002b0        0x4 LONG 0x3b00 LOADADDR (.data)
                0x000002b4        0x4 LONG 0x20000000 ADDR (.data)
                0x000002b8        0x4 LONG 0xc SIZEOF (.data)
                0x000002bc        0x4 LONG 0x3b00 LOADADDR (.data_RAM2)
                0x000002c0        0x4 LONG 0x4000000 ADDR (.data_RAM2)
                0x000002c4        0x4 LONG 0x0 SIZEOF (.data_RAM2)
                0x000002c8        0x4 LONG 0x3b00 LOADADDR (.data_RAM3)
                0x000002cc        0x4 LONG 0x20060000 ADDR (.data_RAM3)
                0x000002d0        0x4 LONG 0x0 SIZEOF (.data_RAM3)
                0x000002d4        0x4 LONG 0x3b00 LOADADDR (.data_RAM4)
                0x000002d8        0x4 LONG 0x400ba000 ADDR (.data_RAM4)
                0x000002dc        0x4 LONG 0x0 SIZEOF (.data_RAM4)
                0x000002e0                        __data_section_table_end = .
                0x000002e0                        __bss_section_table = .
                0x000002e0        0x4 LONG 0x2000000c ADDR (.bss)
                0x000002e4        0x4 LONG 0x220 SIZEOF (.bss)
                0x000002e8        0x4 LONG 0x4000000 ADDR (.bss_RAM2)
                0x000002ec        0x4 LONG 0x0 SIZEOF (.bss_RAM2)
                0x000002f0        0x4 LONG 0x20060000 ADDR (.bss_RAM3)
                0x000002f4        0x4 LONG 0x0 SIZEOF (.bss_RAM3)
                0x000002f8        0x4 LONG 0x400ba000 ADDR (.bss_RAM4)
                0x000002fc        0x4 LONG 0x0 SIZEOF (.bss_RAM4)
                0x00000300                        __bss_section_table_end = .
                0x00000300                        __section_table_end = .
 *(SORT_BY_ALIGNMENT(.after_vectors*))
 .after_vectors.reset
                0x00000300       0x68 ./startup/startup_mcxn947_cm33_core0.o
                0x00000300                ResetISR
 .after_vectors.init_data
                0x00000368       0x1e ./startup/startup_mcxn947_cm33_core0.o
                0x00000368                data_init
 .after_vectors.init_bss
                0x00000386       0x12 ./startup/startup_mcxn947_cm33_core0.o
                0x00000386                bss_init
 .after_vectors
                0x00000398       0x16 ./startup/startup_mcxn947_cm33_core0.o
                0x00000398                NMI_Handler
                0x0000039c                MemManage_Handler
                0x0000039e                BusFault_Handler
                0x000003a0                UsageFault_Handler
                0x000003a2                SecureFault_Handler
                0x000003a4                SVC_Handler
                0x000003a6                DebugMon_Handler
                0x000003a8                PendSV_Handler
                0x000003aa                SysTick_Handler
                0x000003ac                PKC_ERR_DriverIRQHandler
                0x000003ac                QDC1_HOME_DriverIRQHandler
                0x000003ac                EDMA_0_CH5_DriverIRQHandler
                0x000003ac                EDMA_0_CH14_DriverIRQHandler
                0x000003ac                EDMA_1_CH0_DriverIRQHandler
                0x000003ac                I3C0_DriverIRQHandler
                0x000003ac                CMC0_DriverIRQHandler
                0x000003ac                EDMA_0_CH15_DriverIRQHandler
                0x000003ac                LPTMR0_DriverIRQHandler
                0x000003ac                EDMA_0_CH2_DriverIRQHandler
                0x000003ac                USB0_FS_DriverIRQHandler
                0x000003ac                FLEXPWM1_SUBMODULE1_DriverIRQHandler
                0x000003ac                FLEXPWM0_SUBMODULE1_DriverIRQHandler
                0x000003ac                SCG_DriverIRQHandler
                0x000003ac                EDMA_1_CH13_DriverIRQHandler
                0x000003ac                EDMA_1_CH11_DriverIRQHandler
                0x000003ac                FLEXPWM0_RELOAD_ERROR_DriverIRQHandler
                0x000003ac                QDC0_HOME_DriverIRQHandler
                0x000003ac                Reserved167_DriverIRQHandler
                0x000003ac                EDMA_1_CH9_DriverIRQHandler
                0x000003ac                SEC_VIO_DriverIRQHandler
                0x000003ac                ERM_MULTI_BIT_ERROR_DriverIRQHandler
                0x000003ac                GPIO31_DriverIRQHandler
                0x000003ac                EWM0_DriverIRQHandler
                0x000003ac                PKC_DriverIRQHandler
                0x000003ac                EDMA_0_CH10_DriverIRQHandler
                0x000003ac                USB1_HS_PHY_DriverIRQHandler
                0x000003ac                QDC0_IDX_DriverIRQHandler
                0x000003ac                ELS_DriverIRQHandler
                0x000003ac                Reserved166_DriverIRQHandler
                0x000003ac                EDMA_1_CH2_DriverIRQHandler
                0x000003ac                ETHERNET_DriverIRQHandler
                0x000003ac                QDC1_IDX_DriverIRQHandler
                0x000003ac                EDMA_1_CH14_DriverIRQHandler
                0x000003ac                FLEXPWM1_SUBMODULE3_DriverIRQHandler
                0x000003ac                EDMA_1_CH7_DriverIRQHandler
                0x000003ac                EDMA_1_CH6_DriverIRQHandler
                0x000003ac                DAC1_DriverIRQHandler
                0x000003ac                CTIMER2_DriverIRQHandler
                0x000003ac                EMVSIM0_DriverIRQHandler
                0x000003ac                ITRC0_DriverIRQHandler
                0x000003ac                EDMA_0_CH9_DriverIRQHandler
                0x000003ac                ETB0_DriverIRQHandler
                0x000003ac                WWDT1_DriverIRQHandler
                0x000003ac                Reserved80_DriverIRQHandler
                0x000003ac                IntDefaultHandler
                0x000003ac                ELS_ERR_DriverIRQHandler
                0x000003ac                FLEXIO_DriverIRQHandler
                0x000003ac                DAC0_DriverIRQHandler
                0x000003ac                MRT0_DriverIRQHandler
                0x000003ac                UTICK0_DriverIRQHandler
                0x000003ac                FLEXPWM0_SUBMODULE2_DriverIRQHandler
                0x000003ac                GPIO01_DriverIRQHandler
                0x000003ac                EDMA_0_CH3_DriverIRQHandler
                0x000003ac                WWDT0_DriverIRQHandler
                0x000003ac                USDHC0_DriverIRQHandler
                0x000003ac                GPIO00_DriverIRQHandler
                0x000003ac                EDMA_0_CH4_DriverIRQHandler
                0x000003ac                GPIO11_DriverIRQHandler
                0x000003ac                CTIMER4_DriverIRQHandler
                0x000003ac                BSP32_DriverIRQHandler
                0x000003ac                FLEXPWM0_FAULT_DriverIRQHandler
                0x000003ac                EDMA_1_CH1_DriverIRQHandler
                0x000003ac                SAI1_DriverIRQHandler
                0x000003ac                ERM_SINGLE_BIT_ERROR_DriverIRQHandler
                0x000003ac                GPIO21_DriverIRQHandler
                0x000003ac                FLEXPWM1_FAULT_DriverIRQHandler
                0x000003ac                GPIO30_DriverIRQHandler
                0x000003ac                CTIMER0_DriverIRQHandler
                0x000003ac                CTIMER1_DriverIRQHandler
                0x000003ac                QDC0_COMPARE_DriverIRQHandler
                0x000003ac                PINT0_DriverIRQHandler
                0x000003ac                ADC1_DriverIRQHandler
                0x000003ac                PQ_DriverIRQHandler
                0x000003ac                ETHERNET_MACLP_DriverIRQHandler
                0x000003ac                USB0_DCD_DriverIRQHandler
                0x000003ac                EDMA_0_CH11_DriverIRQHandler
                0x000003ac                MAILBOX_DriverIRQHandler
                0x000003ac                WUU_DriverIRQHandler
                0x000003ac                EDMA_0_CH6_DriverIRQHandler
                0x000003ac                CTIMER3_DriverIRQHandler
                0x000003ac                FLEXPWM1_SUBMODULE0_DriverIRQHandler
                0x000003ac                CDOG1_DriverIRQHandler
                0x000003ac                TSI_OUT_OF_SCAN_DriverIRQHandler
                0x000003ac                EDMA_1_CH4_DriverIRQHandler
                0x000003ac                PUF_DriverIRQHandler
                0x000003ac                SPC_DriverIRQHandler
                0x000003ac                RTC_DriverIRQHandler
                0x000003ac                VBAT0_DriverIRQHandler
                0x000003ac                Reserved65_DriverIRQHandler
                0x000003ac                HSCMP2_DriverIRQHandler
                0x000003ac                EDMA_0_CH0_DriverIRQHandler
                0x000003ac                EDMA_1_CH5_DriverIRQHandler
                0x000003ac                PDM_EVENT_DriverIRQHandler
                0x000003ac                Freqme_DriverIRQHandler
                0x000003ac                ETHERNET_PMT_DriverIRQHandler
                0x000003ac                FLEXPWM1_RELOAD_ERROR_DriverIRQHandler
                0x000003ac                FMU0_DriverIRQHandler
                0x000003ac                QDC1_COMPARE_DriverIRQHandler
                0x000003ac                EDMA_0_CH8_DriverIRQHandler
                0x000003ac                LPTMR1_DriverIRQHandler
                0x000003ac                GPIO40_DriverIRQHandler
                0x000003ac                CTI0_DriverIRQHandler
                0x000003ac                EDMA_1_CH3_DriverIRQHandler
                0x000003ac                EDMA_1_CH15_DriverIRQHandler
                0x000003ac                FLEXPWM1_SUBMODULE2_DriverIRQHandler
                0x000003ac                GPIO20_DriverIRQHandler
                0x000003ac                QDC1_WDG_SAB_DriverIRQHandler
                0x000003ac                EDMA_1_CH8_DriverIRQHandler
                0x000003ac                GDET_DriverIRQHandler
                0x000003ac                PORT_EFT_DriverIRQHandler
                0x000003ac                Reserved85_DriverIRQHandler
                0x000003ac                Reserved81_DriverIRQHandler
                0x000003ac                TSI_END_OF_SCAN_DriverIRQHandler
                0x000003ac                FLEXPWM0_SUBMODULE3_DriverIRQHandler
                0x000003ac                ADC0_DriverIRQHandler
                0x000003ac                OR_DriverIRQHandler
                0x000003ac                EDMA_0_CH13_DriverIRQHandler
                0x000003ac                USB1_HS_DriverIRQHandler
                0x000003ac                EDMA_0_CH1_DriverIRQHandler
                0x000003ac                DAC2_DriverIRQHandler
                0x000003ac                GPIO51_DriverIRQHandler
                0x000003ac                HSCMP0_DriverIRQHandler
                0x000003ac                EDMA_0_CH12_DriverIRQHandler
                0x000003ac                QDC0_WDG_SAB_DriverIRQHandler
                0x000003ac                CDOG0_DriverIRQHandler
                0x000003ac                CAN0_DriverIRQHandler
                0x000003ac                SMARTDMA_DriverIRQHandler
                0x000003ac                SAI0_DriverIRQHandler
                0x000003ac                EMVSIM1_DriverIRQHandler
                0x000003ac                I3C1_DriverIRQHandler
                0x000003ac                EDMA_0_CH7_DriverIRQHandler
                0x000003ac                HSCMP1_DriverIRQHandler
                0x000003ac                EDMA_1_CH10_DriverIRQHandler
                0x000003ac                EDMA_1_CH12_DriverIRQHandler
                0x000003ac                FLEXSPI0_DriverIRQHandler
                0x000003ac                GPIO50_DriverIRQHandler
                0x000003ac                GPIO10_DriverIRQHandler
                0x000003ac                SCT0_DriverIRQHandler
                0x000003ac                CAN1_DriverIRQHandler
                0x000003ac                PLU_DriverIRQHandler
                0x000003ac                FLEXPWM0_SUBMODULE0_DriverIRQHandler
                0x000003ac                OS_EVENT_DriverIRQHandler
                0x000003ac                SINC_FILTER_DriverIRQHandler
                0x000003ac                NPU_DriverIRQHandler
                0x000003ac                GPIO41_DriverIRQHandler
                0x000003ac                SEC_HYPERVISOR_CALL_DriverIRQHandler
 *(SORT_BY_ALIGNMENT(.text*))
 *fill*         0x000003ae        0x2 ff
 .text.DbgConsole_SendDataReliable
                0x000003b0       0x54 ./utilities/debug_console/fsl_debug_console.o
                0x000003b0                DbgConsole_SendDataReliable
 .text.DbgConsole_Init
                0x00000404      0x138 ./utilities/debug_console/fsl_debug_console.o
                0x00000404                DbgConsole_Init
 .text.DbgConsole_Vprintf
                0x0000053c       0x68 ./utilities/debug_console/fsl_debug_console.o
                0x0000053c                DbgConsole_Vprintf
 .text.__assertion_failed
                0x000005a4       0x3c ./utilities/fsl_assert.o
                0x000005a4                __assertion_failed
 .text.main     0x000005e0       0x50 ./source/MCXN947_Project_pwm_1.o
                0x000005e0                main
 .text.CLOCK_IsPLL0Locked
                0x00000630       0x28 ./drivers/fsl_clock.o
 .text.CLOCK_SetupFROHFClocking
                0x00000658       0x9c ./drivers/fsl_clock.o
                0x00000658                CLOCK_SetupFROHFClocking
 .text.CLOCK_SetPll0MonitorMode
                0x000006f4       0x38 ./drivers/fsl_clock.o
                0x000006f4                CLOCK_SetPll0MonitorMode
 .text.CLOCK_AttachClk
                0x0000072c       0xb0 ./drivers/fsl_clock.o
                0x0000072c                CLOCK_AttachClk
 .text.CLOCK_SetClkDiv
                0x000007dc       0x54 ./drivers/fsl_clock.o
                0x000007dc                CLOCK_SetClkDiv
 .text.CLOCK_GetPLL0InClockRate
                0x00000830       0x5c ./drivers/fsl_clock.o
                0x00000830                CLOCK_GetPLL0InClockRate
 .text.CLOCK_SetPLL0Freq
                0x0000088c      0x10c ./drivers/fsl_clock.o
                0x0000088c                CLOCK_SetPLL0Freq
 .text.CLOCK_GetClk48MFreq
                0x00000998       0x2c ./drivers/fsl_clock.o
 .text.CLOCK_GetExtClkFreq
                0x000009c4       0x2c ./drivers/fsl_clock.o
 .text.CLOCK_GetOsc32KFreq
                0x000009f0       0x4c ./drivers/fsl_clock.o
 .text.findPll0PreDiv
                0x00000a3c       0x40 ./drivers/fsl_clock.o
 .text.findPll0PostDiv
                0x00000a7c       0x60 ./drivers/fsl_clock.o
 .text.findPll0MMult
                0x00000adc       0xac ./drivers/fsl_clock.o
 .text.LP_FLEXCOMM_GetInterruptStatus
                0x00000b88       0x28 ./drivers/fsl_lpflexcomm.o
                0x00000b88                LP_FLEXCOMM_GetInterruptStatus
 .text.LP_FLEXCOMM_SetPeriph
                0x00000bb0       0x94 ./drivers/fsl_lpflexcomm.o
 .text.LP_FLEXCOMM_Init
                0x00000c44       0x58 ./drivers/fsl_lpflexcomm.o
                0x00000c44                LP_FLEXCOMM_Init
 .text.LP_FLEXCOMM_CommonIRQHandler
                0x00000c9c       0xb8 ./drivers/fsl_lpflexcomm.o
 .text.LPUART_GetInstance
                0x00000d54       0x4c ./drivers/fsl_lpuart.o
                0x00000d54                LPUART_GetInstance
 .text.LPUART_Init
                0x00000da0      0x448 ./drivers/fsl_lpuart.o
                0x00000da0                LPUART_Init
 .text.LPUART_GetDefaultConfig
                0x000011e8       0x8c ./drivers/fsl_lpuart.o
                0x000011e8                LPUART_GetDefaultConfig
 .text.LPUART_WriteBlocking
                0x00001274       0x68 ./drivers/fsl_lpuart.o
                0x00001274                LPUART_WriteBlocking
 .text.RESET_ClearPeripheralReset
                0x000012dc       0x6c ./drivers/fsl_reset.o
                0x000012dc                RESET_ClearPeripheralReset
 .text.SPC_SetSRAMOperateVoltage
                0x00001348       0x58 ./drivers/fsl_spc.o
                0x00001348                SPC_SetSRAMOperateVoltage
 .text.SPC_SetActiveModeCoreLDORegulatorConfig
                0x000013a0       0x94 ./drivers/fsl_spc.o
                0x000013a0                SPC_SetActiveModeCoreLDORegulatorConfig
 .text.SPC_SetActiveModeDCDCRegulatorConfig
                0x00001434       0x68 ./drivers/fsl_spc.o
                0x00001434                SPC_SetActiveModeDCDCRegulatorConfig
 .text.SystemInit
                0x0000149c      0x124 ./device/system_MCXN947_cm33_core0.o
                0x0000149c                SystemInit
 .text.HAL_UartInitCommon
                0x000015c0       0xe4 ./component/uart/fsl_adapter_lpuart.o
 .text.HAL_UartInit
                0x000016a4       0x84 ./component/uart/fsl_adapter_lpuart.o
                0x000016a4                HAL_UartInit
 .text.HAL_UartSendBlocking
                0x00001728       0x64 ./component/uart/fsl_adapter_lpuart.o
                0x00001728                HAL_UartSendBlocking
 .text.BOARD_InitDebugConsole
                0x0000178c       0x38 ./board/board.o
                0x0000178c                BOARD_InitDebugConsole
 .text.BOARD_BootClockPLL150M
                0x000017c4       0xec ./board/clock_config.o
                0x000017c4                BOARD_BootClockPLL150M
 .text.PORT_SetPinConfig
                0x000018b0       0x38 ./board/pin_mux.o
 .text.BOARD_InitDEBUG_UARTPins
                0x000018e8       0x88 ./board/pin_mux.o
                0x000018e8                BOARD_InitDEBUG_UARTPins
 .text.TEACH_InitButtons_lowlevel
                0x00001970       0x4c ./board/pin_mux.o
                0x00001970                TEACH_InitButtons_lowlevel
 .text._initio  0x000019bc       0x78 C:/nxp/MCUXpressoIDE_25.6.136/ide/plugins/com.nxp.mcuxpresso.tools.win32_25.6.0.202501151204/tools/bin/../lib/gcc/arm-none-eabi/14.2.1/../../../../arm-none-eabi/lib/thumb/v8-m.main+fp/hard\libcr_c.a(initio.o)
                0x000019bc                _initio
 .text._Cwritebuf
                0x00001a34       0x70 C:/nxp/MCUXpressoIDE_25.6.136/ide/plugins/com.nxp.mcuxpresso.tools.win32_25.6.0.202501151204/tools/bin/../lib/gcc/arm-none-eabi/14.2.1/../../../../arm-none-eabi/lib/thumb/v8-m.main+fp/hard\libcr_c.a(_writebuf.o)
                0x00001a34                _Cwritebuf
 .text.fflush   0x00001aa4       0x3c C:/nxp/MCUXpressoIDE_25.6.136/ide/plugins/com.nxp.mcuxpresso.tools.win32_25.6.0.202501151204/tools/bin/../lib/gcc/arm-none-eabi/14.2.1/../../../../arm-none-eabi/lib/thumb/v8-m.main+fp/hard\libcr_c.a(fflush.o)
                0x00001aa4                fflush
 .text.fseek    0x00001ae0       0xf8 C:/nxp/MCUXpressoIDE_25.6.136/ide/plugins/com.nxp.mcuxpresso.tools.win32_25.6.0.202501151204/tools/bin/../lib/gcc/arm-none-eabi/14.2.1/../../../../arm-none-eabi/lib/thumb/v8-m.main+fp/hard\libcr_c.a(fseek.o)
                0x00001ae0                fseek
 .text.ftell    0x00001bd8       0x44 C:/nxp/MCUXpressoIDE_25.6.136/ide/plugins/com.nxp.mcuxpresso.tools.win32_25.6.0.202501151204/tools/bin/../lib/gcc/arm-none-eabi/14.2.1/../../../../arm-none-eabi/lib/thumb/v8-m.main+fp/hard\libcr_c.a(ftell.o)
                0x00001bd8                ftell
 .text.PrintGetWidth
                0x00001c1c       0x6a ./utilities/str/fsl_str.o
 .text.PrintGetPrecision
                0x00001c86       0x8c ./utilities/str/fsl_str.o
 .text.PrintIsobpu
                0x00001d12       0x38 ./utilities/str/fsl_str.o
 .text.PrintIsdi
                0x00001d4a       0x2c ./utilities/str/fsl_str.o
 .text.PrintOutputdifFobpu
                0x00001d76       0x44 ./utilities/str/fsl_str.o
 .text.PrintOutputxX
                0x00001dba       0x44 ./utilities/str/fsl_str.o
 .text.PrintIsfF
                0x00001dfe       0x2c ./utilities/str/fsl_str.o
 .text.PrintIsxX
                0x00001e2a       0x2c ./utilities/str/fsl_str.o
 .text.PrintFilterLengthFlag
                0x00001e56       0x3e ./utilities/str/fsl_str.o
 .text.PrintGetRadixFromobpu
                0x00001e94       0x40 ./utilities/str/fsl_str.o
 .text.ConvertRadixNumToString
                0x00001ed4       0xc2 ./utilities/str/fsl_str.o
 .text.StrFormatExaminedi
                0x00001f96       0x26 ./utilities/str/fsl_str.o
 .text.StrFormatExaminexX
                0x00001fbc       0x26 ./utilities/str/fsl_str.o
 .text.StrFormatExamineobpu
                0x00001fe2       0x26 ./utilities/str/fsl_str.o
 .text.ConvertPrecisionWidthToLength
                0x00002008       0x20 ./utilities/str/fsl_str.o
 .text.StrFormatPrintf
                0x00002028      0x2bc ./utilities/str/fsl_str.o
                0x00002028                StrFormatPrintf
 .text.DbgConsole_PrintCallback
                0x000022e4       0x66 ./utilities/debug_console/fsl_debug_console.o
 .text.DbgConsole_Printf
                0x0000234a       0x2c ./utilities/debug_console/fsl_debug_console.o
                0x0000234a                DbgConsole_Printf
 .text.fsl_assert_hook
                0x00002376       0x1a ./utilities/fsl_assert.o
                0x00002376                fsl_assert_hook
 .text.OR_IRQHandler
                0x00002390        0x8 ./startup/startup_mcxn947_cm33_core0.o
                0x00002390                OR_IRQHandler
 .text.EDMA_0_CH0_IRQHandler
                0x00002398        0x8 ./startup/startup_mcxn947_cm33_core0.o
                0x00002398                EDMA_0_CH0_IRQHandler
 .text.EDMA_0_CH1_IRQHandler
                0x000023a0        0x8 ./startup/startup_mcxn947_cm33_core0.o
                0x000023a0                EDMA_0_CH1_IRQHandler
 .text.EDMA_0_CH2_IRQHandler
                0x000023a8        0x8 ./startup/startup_mcxn947_cm33_core0.o
                0x000023a8                EDMA_0_CH2_IRQHandler
 .text.EDMA_0_CH3_IRQHandler
                0x000023b0        0x8 ./startup/startup_mcxn947_cm33_core0.o
                0x000023b0                EDMA_0_CH3_IRQHandler
 .text.EDMA_0_CH4_IRQHandler
                0x000023b8        0x8 ./startup/startup_mcxn947_cm33_core0.o
                0x000023b8                EDMA_0_CH4_IRQHandler
 .text.EDMA_0_CH5_IRQHandler
                0x000023c0        0x8 ./startup/startup_mcxn947_cm33_core0.o
                0x000023c0                EDMA_0_CH5_IRQHandler
 .text.EDMA_0_CH6_IRQHandler
                0x000023c8        0x8 ./startup/startup_mcxn947_cm33_core0.o
                0x000023c8                EDMA_0_CH6_IRQHandler
 .text.EDMA_0_CH7_IRQHandler
                0x000023d0        0x8 ./startup/startup_mcxn947_cm33_core0.o
                0x000023d0                EDMA_0_CH7_IRQHandler
 .text.EDMA_0_CH8_IRQHandler
                0x000023d8        0x8 ./startup/startup_mcxn947_cm33_core0.o
                0x000023d8                EDMA_0_CH8_IRQHandler
 .text.EDMA_0_CH9_IRQHandler
                0x000023e0        0x8 ./startup/startup_mcxn947_cm33_core0.o
                0x000023e0                EDMA_0_CH9_IRQHandler
 .text.EDMA_0_CH10_IRQHandler
                0x000023e8        0x8 ./startup/startup_mcxn947_cm33_core0.o
                0x000023e8                EDMA_0_CH10_IRQHandler
 .text.EDMA_0_CH11_IRQHandler
                0x000023f0        0x8 ./startup/startup_mcxn947_cm33_core0.o
                0x000023f0                EDMA_0_CH11_IRQHandler
 .text.EDMA_0_CH12_IRQHandler
                0x000023f8        0x8 ./startup/startup_mcxn947_cm33_core0.o
                0x000023f8                EDMA_0_CH12_IRQHandler
 .text.EDMA_0_CH13_IRQHandler
                0x00002400        0x8 ./startup/startup_mcxn947_cm33_core0.o
                0x00002400                EDMA_0_CH13_IRQHandler
 .text.EDMA_0_CH14_IRQHandler
                0x00002408        0x8 ./startup/startup_mcxn947_cm33_core0.o
                0x00002408                EDMA_0_CH14_IRQHandler
 .text.EDMA_0_CH15_IRQHandler
                0x00002410        0x8 ./startup/startup_mcxn947_cm33_core0.o
                0x00002410                EDMA_0_CH15_IRQHandler
 .text.GPIO00_IRQHandler
                0x00002418        0x8 ./startup/startup_mcxn947_cm33_core0.o
                0x00002418                GPIO00_IRQHandler
 .text.GPIO01_IRQHandler
                0x00002420        0x8 ./startup/startup_mcxn947_cm33_core0.o
                0x00002420                GPIO01_IRQHandler
 .text.GPIO10_IRQHandler
                0x00002428        0x8 ./startup/startup_mcxn947_cm33_core0.o
                0x00002428                GPIO10_IRQHandler
 .text.GPIO11_IRQHandler
                0x00002430        0x8 ./startup/startup_mcxn947_cm33_core0.o
                0x00002430                GPIO11_IRQHandler
 .text.GPIO20_IRQHandler
                0x00002438        0x8 ./startup/startup_mcxn947_cm33_core0.o
                0x00002438                GPIO20_IRQHandler
 .text.GPIO21_IRQHandler
                0x00002440        0x8 ./startup/startup_mcxn947_cm33_core0.o
                0x00002440                GPIO21_IRQHandler
 .text.GPIO30_IRQHandler
                0x00002448        0x8 ./startup/startup_mcxn947_cm33_core0.o
                0x00002448                GPIO30_IRQHandler
 .text.GPIO31_IRQHandler
                0x00002450        0x8 ./startup/startup_mcxn947_cm33_core0.o
                0x00002450                GPIO31_IRQHandler
 .text.GPIO40_IRQHandler
                0x00002458        0x8 ./startup/startup_mcxn947_cm33_core0.o
                0x00002458                GPIO40_IRQHandler
 .text.GPIO41_IRQHandler
                0x00002460        0x8 ./startup/startup_mcxn947_cm33_core0.o
                0x00002460                GPIO41_IRQHandler
 .text.GPIO50_IRQHandler
                0x00002468        0x8 ./startup/startup_mcxn947_cm33_core0.o
                0x00002468                GPIO50_IRQHandler
 .text.GPIO51_IRQHandler
                0x00002470        0x8 ./startup/startup_mcxn947_cm33_core0.o
                0x00002470                GPIO51_IRQHandler
 .text.UTICK0_IRQHandler
                0x00002478        0x8 ./startup/startup_mcxn947_cm33_core0.o
                0x00002478                UTICK0_IRQHandler
 .text.MRT0_IRQHandler
                0x00002480        0x8 ./startup/startup_mcxn947_cm33_core0.o
                0x00002480                MRT0_IRQHandler
 .text.CTIMER0_IRQHandler
                0x00002488        0x8 ./startup/startup_mcxn947_cm33_core0.o
                0x00002488                CTIMER0_IRQHandler
 .text.CTIMER1_IRQHandler
                0x00002490        0x8 ./startup/startup_mcxn947_cm33_core0.o
                0x00002490                CTIMER1_IRQHandler
 .text.SCT0_IRQHandler
                0x00002498        0x8 ./startup/startup_mcxn947_cm33_core0.o
                0x00002498                SCT0_IRQHandler
 .text.CTIMER2_IRQHandler
                0x000024a0        0x8 ./startup/startup_mcxn947_cm33_core0.o
                0x000024a0                CTIMER2_IRQHandler
 .text.LP_FLEXCOMM0_IRQHandler
                0x000024a8        0x8 ./startup/startup_mcxn947_cm33_core0.o
                0x000024a8                LP_FLEXCOMM0_IRQHandler
 .text.LP_FLEXCOMM1_IRQHandler
                0x000024b0        0x8 ./startup/startup_mcxn947_cm33_core0.o
                0x000024b0                LP_FLEXCOMM1_IRQHandler
 .text.LP_FLEXCOMM2_IRQHandler
                0x000024b8        0x8 ./startup/startup_mcxn947_cm33_core0.o
                0x000024b8                LP_FLEXCOMM2_IRQHandler
 .text.LP_FLEXCOMM3_IRQHandler
                0x000024c0        0x8 ./startup/startup_mcxn947_cm33_core0.o
                0x000024c0                LP_FLEXCOMM3_IRQHandler
 .text.LP_FLEXCOMM4_IRQHandler
                0x000024c8        0x8 ./startup/startup_mcxn947_cm33_core0.o
                0x000024c8                LP_FLEXCOMM4_IRQHandler
 .text.LP_FLEXCOMM5_IRQHandler
                0x000024d0        0x8 ./startup/startup_mcxn947_cm33_core0.o
                0x000024d0                LP_FLEXCOMM5_IRQHandler
 .text.LP_FLEXCOMM6_IRQHandler
                0x000024d8        0x8 ./startup/startup_mcxn947_cm33_core0.o
                0x000024d8                LP_FLEXCOMM6_IRQHandler
 .text.LP_FLEXCOMM7_IRQHandler
                0x000024e0        0x8 ./startup/startup_mcxn947_cm33_core0.o
                0x000024e0                LP_FLEXCOMM7_IRQHandler
 .text.LP_FLEXCOMM8_IRQHandler
                0x000024e8        0x8 ./startup/startup_mcxn947_cm33_core0.o
                0x000024e8                LP_FLEXCOMM8_IRQHandler
 .text.LP_FLEXCOMM9_IRQHandler
                0x000024f0        0x8 ./startup/startup_mcxn947_cm33_core0.o
                0x000024f0                LP_FLEXCOMM9_IRQHandler
 .text.ADC0_IRQHandler
                0x000024f8        0x8 ./startup/startup_mcxn947_cm33_core0.o
                0x000024f8                ADC0_IRQHandler
 .text.ADC1_IRQHandler
                0x00002500        0x8 ./startup/startup_mcxn947_cm33_core0.o
                0x00002500                ADC1_IRQHandler
 .text.PINT0_IRQHandler
                0x00002508        0x8 ./startup/startup_mcxn947_cm33_core0.o
                0x00002508                PINT0_IRQHandler
 .text.PDM_EVENT_IRQHandler
                0x00002510        0x8 ./startup/startup_mcxn947_cm33_core0.o
                0x00002510                PDM_EVENT_IRQHandler
 .text.Reserved65_IRQHandler
                0x00002518        0x8 ./startup/startup_mcxn947_cm33_core0.o
                0x00002518                Reserved65_IRQHandler
 .text.USB0_FS_IRQHandler
                0x00002520        0x8 ./startup/startup_mcxn947_cm33_core0.o
                0x00002520                USB0_FS_IRQHandler
 .text.USB0_DCD_IRQHandler
                0x00002528        0x8 ./startup/startup_mcxn947_cm33_core0.o
                0x00002528                USB0_DCD_IRQHandler
 .text.RTC_IRQHandler
                0x00002530        0x8 ./startup/startup_mcxn947_cm33_core0.o
                0x00002530                RTC_IRQHandler
 .text.SMARTDMA_IRQHandler
                0x00002538        0x8 ./startup/startup_mcxn947_cm33_core0.o
                0x00002538                SMARTDMA_IRQHandler
 .text.MAILBOX_IRQHandler
                0x00002540        0x8 ./startup/startup_mcxn947_cm33_core0.o
                0x00002540                MAILBOX_IRQHandler
 .text.CTIMER3_IRQHandler
                0x00002548        0x8 ./startup/startup_mcxn947_cm33_core0.o
                0x00002548                CTIMER3_IRQHandler
 .text.CTIMER4_IRQHandler
                0x00002550        0x8 ./startup/startup_mcxn947_cm33_core0.o
                0x00002550                CTIMER4_IRQHandler
 .text.OS_EVENT_IRQHandler
                0x00002558        0x8 ./startup/startup_mcxn947_cm33_core0.o
                0x00002558                OS_EVENT_IRQHandler
 .text.FLEXSPI0_IRQHandler
                0x00002560        0x8 ./startup/startup_mcxn947_cm33_core0.o
                0x00002560                FLEXSPI0_IRQHandler
 .text.SAI0_IRQHandler
                0x00002568        0x8 ./startup/startup_mcxn947_cm33_core0.o
                0x00002568                SAI0_IRQHandler
 .text.SAI1_IRQHandler
                0x00002570        0x8 ./startup/startup_mcxn947_cm33_core0.o
                0x00002570                SAI1_IRQHandler
 .text.USDHC0_IRQHandler
                0x00002578        0x8 ./startup/startup_mcxn947_cm33_core0.o
                0x00002578                USDHC0_IRQHandler
 .text.CAN0_IRQHandler
                0x00002580        0x8 ./startup/startup_mcxn947_cm33_core0.o
                0x00002580                CAN0_IRQHandler
 .text.CAN1_IRQHandler
                0x00002588        0x8 ./startup/startup_mcxn947_cm33_core0.o
                0x00002588                CAN1_IRQHandler
 .text.Reserved80_IRQHandler
                0x00002590        0x8 ./startup/startup_mcxn947_cm33_core0.o
                0x00002590                Reserved80_IRQHandler
 .text.Reserved81_IRQHandler
                0x00002598        0x8 ./startup/startup_mcxn947_cm33_core0.o
                0x00002598                Reserved81_IRQHandler
 .text.USB1_HS_PHY_IRQHandler
                0x000025a0        0x8 ./startup/startup_mcxn947_cm33_core0.o
                0x000025a0                USB1_HS_PHY_IRQHandler
 .text.USB1_HS_IRQHandler
                0x000025a8        0x8 ./startup/startup_mcxn947_cm33_core0.o
                0x000025a8                USB1_HS_IRQHandler
 .text.SEC_HYPERVISOR_CALL_IRQHandler
                0x000025b0        0x8 ./startup/startup_mcxn947_cm33_core0.o
                0x000025b0                SEC_HYPERVISOR_CALL_IRQHandler
 .text.Reserved85_IRQHandler
                0x000025b8        0x8 ./startup/startup_mcxn947_cm33_core0.o
                0x000025b8                Reserved85_IRQHandler
 .text.PLU_IRQHandler
                0x000025c0        0x8 ./startup/startup_mcxn947_cm33_core0.o
                0x000025c0                PLU_IRQHandler
 .text.Freqme_IRQHandler
                0x000025c8        0x8 ./startup/startup_mcxn947_cm33_core0.o
                0x000025c8                Freqme_IRQHandler
 .text.SEC_VIO_IRQHandler
                0x000025d0        0x8 ./startup/startup_mcxn947_cm33_core0.o
                0x000025d0                SEC_VIO_IRQHandler
 .text.ELS_IRQHandler
                0x000025d8        0x8 ./startup/startup_mcxn947_cm33_core0.o
                0x000025d8                ELS_IRQHandler
 .text.PKC_IRQHandler
                0x000025e0        0x8 ./startup/startup_mcxn947_cm33_core0.o
                0x000025e0                PKC_IRQHandler
 .text.PUF_IRQHandler
                0x000025e8        0x8 ./startup/startup_mcxn947_cm33_core0.o
                0x000025e8                PUF_IRQHandler
 .text.PQ_IRQHandler
                0x000025f0        0x8 ./startup/startup_mcxn947_cm33_core0.o
                0x000025f0                PQ_IRQHandler
 .text.EDMA_1_CH0_IRQHandler
                0x000025f8        0x8 ./startup/startup_mcxn947_cm33_core0.o
                0x000025f8                EDMA_1_CH0_IRQHandler
 .text.EDMA_1_CH1_IRQHandler
                0x00002600        0x8 ./startup/startup_mcxn947_cm33_core0.o
                0x00002600                EDMA_1_CH1_IRQHandler
 .text.EDMA_1_CH2_IRQHandler
                0x00002608        0x8 ./startup/startup_mcxn947_cm33_core0.o
                0x00002608                EDMA_1_CH2_IRQHandler
 .text.EDMA_1_CH3_IRQHandler
                0x00002610        0x8 ./startup/startup_mcxn947_cm33_core0.o
                0x00002610                EDMA_1_CH3_IRQHandler
 .text.EDMA_1_CH4_IRQHandler
                0x00002618        0x8 ./startup/startup_mcxn947_cm33_core0.o
                0x00002618                EDMA_1_CH4_IRQHandler
 .text.EDMA_1_CH5_IRQHandler
                0x00002620        0x8 ./startup/startup_mcxn947_cm33_core0.o
                0x00002620                EDMA_1_CH5_IRQHandler
 .text.EDMA_1_CH6_IRQHandler
                0x00002628        0x8 ./startup/startup_mcxn947_cm33_core0.o
                0x00002628                EDMA_1_CH6_IRQHandler
 .text.EDMA_1_CH7_IRQHandler
                0x00002630        0x8 ./startup/startup_mcxn947_cm33_core0.o
                0x00002630                EDMA_1_CH7_IRQHandler
 .text.EDMA_1_CH8_IRQHandler
                0x00002638        0x8 ./startup/startup_mcxn947_cm33_core0.o
                0x00002638                EDMA_1_CH8_IRQHandler
 .text.EDMA_1_CH9_IRQHandler
                0x00002640        0x8 ./startup/startup_mcxn947_cm33_core0.o
                0x00002640                EDMA_1_CH9_IRQHandler
 .text.EDMA_1_CH10_IRQHandler
                0x00002648        0x8 ./startup/startup_mcxn947_cm33_core0.o
                0x00002648                EDMA_1_CH10_IRQHandler
 .text.EDMA_1_CH11_IRQHandler
                0x00002650        0x8 ./startup/startup_mcxn947_cm33_core0.o
                0x00002650                EDMA_1_CH11_IRQHandler
 .text.EDMA_1_CH12_IRQHandler
                0x00002658        0x8 ./startup/startup_mcxn947_cm33_core0.o
                0x00002658                EDMA_1_CH12_IRQHandler
 .text.EDMA_1_CH13_IRQHandler
                0x00002660        0x8 ./startup/startup_mcxn947_cm33_core0.o
                0x00002660                EDMA_1_CH13_IRQHandler
 .text.EDMA_1_CH14_IRQHandler
                0x00002668        0x8 ./startup/startup_mcxn947_cm33_core0.o
                0x00002668                EDMA_1_CH14_IRQHandler
 .text.EDMA_1_CH15_IRQHandler
                0x00002670        0x8 ./startup/startup_mcxn947_cm33_core0.o
                0x00002670                EDMA_1_CH15_IRQHandler
 .text.CDOG0_IRQHandler
                0x00002678        0x8 ./startup/startup_mcxn947_cm33_core0.o
                0x00002678                CDOG0_IRQHandler
 .text.CDOG1_IRQHandler
                0x00002680        0x8 ./startup/startup_mcxn947_cm33_core0.o
                0x00002680                CDOG1_IRQHandler
 .text.I3C0_IRQHandler
                0x00002688        0x8 ./startup/startup_mcxn947_cm33_core0.o
                0x00002688                I3C0_IRQHandler
 .text.I3C1_IRQHandler
                0x00002690        0x8 ./startup/startup_mcxn947_cm33_core0.o
                0x00002690                I3C1_IRQHandler
 .text.NPU_IRQHandler
                0x00002698        0x8 ./startup/startup_mcxn947_cm33_core0.o
                0x00002698                NPU_IRQHandler
 .text.GDET_IRQHandler
                0x000026a0        0x8 ./startup/startup_mcxn947_cm33_core0.o
                0x000026a0                GDET_IRQHandler
 .text.VBAT0_IRQHandler
                0x000026a8        0x8 ./startup/startup_mcxn947_cm33_core0.o
                0x000026a8                VBAT0_IRQHandler
 .text.EWM0_IRQHandler
                0x000026b0        0x8 ./startup/startup_mcxn947_cm33_core0.o
                0x000026b0                EWM0_IRQHandler
 .text.TSI_END_OF_SCAN_IRQHandler
                0x000026b8        0x8 ./startup/startup_mcxn947_cm33_core0.o
                0x000026b8                TSI_END_OF_SCAN_IRQHandler
 .text.TSI_OUT_OF_SCAN_IRQHandler
                0x000026c0        0x8 ./startup/startup_mcxn947_cm33_core0.o
                0x000026c0                TSI_OUT_OF_SCAN_IRQHandler
 .text.EMVSIM0_IRQHandler
                0x000026c8        0x8 ./startup/startup_mcxn947_cm33_core0.o
                0x000026c8                EMVSIM0_IRQHandler
 .text.EMVSIM1_IRQHandler
                0x000026d0        0x8 ./startup/startup_mcxn947_cm33_core0.o
                0x000026d0                EMVSIM1_IRQHandler
 .text.FLEXIO_IRQHandler
                0x000026d8        0x8 ./startup/startup_mcxn947_cm33_core0.o
                0x000026d8                FLEXIO_IRQHandler
 .text.DAC0_IRQHandler
                0x000026e0        0x8 ./startup/startup_mcxn947_cm33_core0.o
                0x000026e0                DAC0_IRQHandler
 .text.DAC1_IRQHandler
                0x000026e8        0x8 ./startup/startup_mcxn947_cm33_core0.o
                0x000026e8                DAC1_IRQHandler
 .text.DAC2_IRQHandler
                0x000026f0        0x8 ./startup/startup_mcxn947_cm33_core0.o
                0x000026f0                DAC2_IRQHandler
 .text.HSCMP0_IRQHandler
                0x000026f8        0x8 ./startup/startup_mcxn947_cm33_core0.o
                0x000026f8                HSCMP0_IRQHandler
 .text.HSCMP1_IRQHandler
                0x00002700        0x8 ./startup/startup_mcxn947_cm33_core0.o
                0x00002700                HSCMP1_IRQHandler
 .text.HSCMP2_IRQHandler
                0x00002708        0x8 ./startup/startup_mcxn947_cm33_core0.o
                0x00002708                HSCMP2_IRQHandler
 .text.FLEXPWM0_RELOAD_ERROR_IRQHandler
                0x00002710        0x8 ./startup/startup_mcxn947_cm33_core0.o
                0x00002710                FLEXPWM0_RELOAD_ERROR_IRQHandler
 .text.FLEXPWM0_FAULT_IRQHandler
                0x00002718        0x8 ./startup/startup_mcxn947_cm33_core0.o
                0x00002718                FLEXPWM0_FAULT_IRQHandler
 .text.FLEXPWM0_SUBMODULE0_IRQHandler
                0x00002720        0x8 ./startup/startup_mcxn947_cm33_core0.o
                0x00002720                FLEXPWM0_SUBMODULE0_IRQHandler
 .text.FLEXPWM0_SUBMODULE1_IRQHandler
                0x00002728        0x8 ./startup/startup_mcxn947_cm33_core0.o
                0x00002728                FLEXPWM0_SUBMODULE1_IRQHandler
 .text.FLEXPWM0_SUBMODULE2_IRQHandler
                0x00002730        0x8 ./startup/startup_mcxn947_cm33_core0.o
                0x00002730                FLEXPWM0_SUBMODULE2_IRQHandler
 .text.FLEXPWM0_SUBMODULE3_IRQHandler
                0x00002738        0x8 ./startup/startup_mcxn947_cm33_core0.o
                0x00002738                FLEXPWM0_SUBMODULE3_IRQHandler
 .text.FLEXPWM1_RELOAD_ERROR_IRQHandler
                0x00002740        0x8 ./startup/startup_mcxn947_cm33_core0.o
                0x00002740                FLEXPWM1_RELOAD_ERROR_IRQHandler
 .text.FLEXPWM1_FAULT_IRQHandler
                0x00002748        0x8 ./startup/startup_mcxn947_cm33_core0.o
                0x00002748                FLEXPWM1_FAULT_IRQHandler
 .text.FLEXPWM1_SUBMODULE0_IRQHandler
                0x00002750        0x8 ./startup/startup_mcxn947_cm33_core0.o
                0x00002750                FLEXPWM1_SUBMODULE0_IRQHandler
 .text.FLEXPWM1_SUBMODULE1_IRQHandler
                0x00002758        0x8 ./startup/startup_mcxn947_cm33_core0.o
                0x00002758                FLEXPWM1_SUBMODULE1_IRQHandler
 .text.FLEXPWM1_SUBMODULE2_IRQHandler
                0x00002760        0x8 ./startup/startup_mcxn947_cm33_core0.o
                0x00002760                FLEXPWM1_SUBMODULE2_IRQHandler
 .text.FLEXPWM1_SUBMODULE3_IRQHandler
                0x00002768        0x8 ./startup/startup_mcxn947_cm33_core0.o
                0x00002768                FLEXPWM1_SUBMODULE3_IRQHandler
 .text.QDC0_COMPARE_IRQHandler
                0x00002770        0x8 ./startup/startup_mcxn947_cm33_core0.o
                0x00002770                QDC0_COMPARE_IRQHandler
 .text.QDC0_HOME_IRQHandler
                0x00002778        0x8 ./startup/startup_mcxn947_cm33_core0.o
                0x00002778                QDC0_HOME_IRQHandler
 .text.QDC0_WDG_SAB_IRQHandler
                0x00002780        0x8 ./startup/startup_mcxn947_cm33_core0.o
                0x00002780                QDC0_WDG_SAB_IRQHandler
 .text.QDC0_IDX_IRQHandler
                0x00002788        0x8 ./startup/startup_mcxn947_cm33_core0.o
                0x00002788                QDC0_IDX_IRQHandler
 .text.QDC1_COMPARE_IRQHandler
                0x00002790        0x8 ./startup/startup_mcxn947_cm33_core0.o
                0x00002790                QDC1_COMPARE_IRQHandler
 .text.QDC1_HOME_IRQHandler
                0x00002798        0x8 ./startup/startup_mcxn947_cm33_core0.o
                0x00002798                QDC1_HOME_IRQHandler
 .text.QDC1_WDG_SAB_IRQHandler
                0x000027a0        0x8 ./startup/startup_mcxn947_cm33_core0.o
                0x000027a0                QDC1_WDG_SAB_IRQHandler
 .text.QDC1_IDX_IRQHandler
                0x000027a8        0x8 ./startup/startup_mcxn947_cm33_core0.o
                0x000027a8                QDC1_IDX_IRQHandler
 .text.ITRC0_IRQHandler
                0x000027b0        0x8 ./startup/startup_mcxn947_cm33_core0.o
                0x000027b0                ITRC0_IRQHandler
 .text.BSP32_IRQHandler
                0x000027b8        0x8 ./startup/startup_mcxn947_cm33_core0.o
                0x000027b8                BSP32_IRQHandler
 .text.ELS_ERR_IRQHandler
                0x000027c0        0x8 ./startup/startup_mcxn947_cm33_core0.o
                0x000027c0                ELS_ERR_IRQHandler
 .text.PKC_ERR_IRQHandler
                0x000027c8        0x8 ./startup/startup_mcxn947_cm33_core0.o
                0x000027c8                PKC_ERR_IRQHandler
 .text.ERM_SINGLE_BIT_ERROR_IRQHandler
                0x000027d0        0x8 ./startup/startup_mcxn947_cm33_core0.o
                0x000027d0                ERM_SINGLE_BIT_ERROR_IRQHandler
 .text.ERM_MULTI_BIT_ERROR_IRQHandler
                0x000027d8        0x8 ./startup/startup_mcxn947_cm33_core0.o
                0x000027d8                ERM_MULTI_BIT_ERROR_IRQHandler
 .text.FMU0_IRQHandler
                0x000027e0        0x8 ./startup/startup_mcxn947_cm33_core0.o
                0x000027e0                FMU0_IRQHandler
 .text.ETHERNET_IRQHandler
                0x000027e8        0x8 ./startup/startup_mcxn947_cm33_core0.o
                0x000027e8                ETHERNET_IRQHandler
 .text.ETHERNET_PMT_IRQHandler
                0x000027f0        0x8 ./startup/startup_mcxn947_cm33_core0.o
                0x000027f0                ETHERNET_PMT_IRQHandler
 .text.ETHERNET_MACLP_IRQHandler
                0x000027f8        0x8 ./startup/startup_mcxn947_cm33_core0.o
                0x000027f8                ETHERNET_MACLP_IRQHandler
 .text.SINC_FILTER_IRQHandler
                0x00002800        0x8 ./startup/startup_mcxn947_cm33_core0.o
                0x00002800                SINC_FILTER_IRQHandler
 .text.LPTMR0_IRQHandler
                0x00002808        0x8 ./startup/startup_mcxn947_cm33_core0.o
                0x00002808                LPTMR0_IRQHandler
 .text.LPTMR1_IRQHandler
                0x00002810        0x8 ./startup/startup_mcxn947_cm33_core0.o
                0x00002810                LPTMR1_IRQHandler
 .text.SCG_IRQHandler
                0x00002818        0x8 ./startup/startup_mcxn947_cm33_core0.o
                0x00002818                SCG_IRQHandler
 .text.SPC_IRQHandler
                0x00002820        0x8 ./startup/startup_mcxn947_cm33_core0.o
                0x00002820                SPC_IRQHandler
 .text.WUU_IRQHandler
                0x00002828        0x8 ./startup/startup_mcxn947_cm33_core0.o
                0x00002828                WUU_IRQHandler
 .text.PORT_EFT_IRQHandler
                0x00002830        0x8 ./startup/startup_mcxn947_cm33_core0.o
                0x00002830                PORT_EFT_IRQHandler
 .text.ETB0_IRQHandler
                0x00002838        0x8 ./startup/startup_mcxn947_cm33_core0.o
                0x00002838                ETB0_IRQHandler
 .text.Reserved166_IRQHandler
                0x00002840        0x8 ./startup/startup_mcxn947_cm33_core0.o
                0x00002840                Reserved166_IRQHandler
 .text.Reserved167_IRQHandler
                0x00002848        0x8 ./startup/startup_mcxn947_cm33_core0.o
                0x00002848                Reserved167_IRQHandler
 .text.WWDT0_IRQHandler
                0x00002850        0x8 ./startup/startup_mcxn947_cm33_core0.o
                0x00002850                WWDT0_IRQHandler
 .text.WWDT1_IRQHandler
                0x00002858        0x8 ./startup/startup_mcxn947_cm33_core0.o
                0x00002858                WWDT1_IRQHandler
 .text.CMC0_IRQHandler
                0x00002860        0x8 ./startup/startup_mcxn947_cm33_core0.o
                0x00002860                CMC0_IRQHandler
 .text.CTI0_IRQHandler
                0x00002868        0x8 ./startup/startup_mcxn947_cm33_core0.o
                0x00002868                CTI0_IRQHandler
 .text.HardFault_Handler
                0x00002870       0x36 ./source/semihost_hardfault.o
                0x00002870                HardFault_Handler
 .text.CLOCK_GetPll0OutFreq
                0x000028a6       0x88 ./drivers/fsl_clock.o
                0x000028a6                CLOCK_GetPll0OutFreq
 .text.CLOCK_EnableClock
                0x0000292e       0x94 ./drivers/fsl_lpflexcomm.o
 .text.LP_FLEXCOMM_PeripheralIsPresent
                0x000029c2       0x52 ./drivers/fsl_lpflexcomm.o
 .text.LP_FLEXCOMM0_DriverIRQHandler
                0x00002a14        0xe ./drivers/fsl_lpflexcomm.o
                0x00002a14                LP_FLEXCOMM0_DriverIRQHandler
 .text.LP_FLEXCOMM1_DriverIRQHandler
                0x00002a22        0xe ./drivers/fsl_lpflexcomm.o
                0x00002a22                LP_FLEXCOMM1_DriverIRQHandler
 .text.LP_FLEXCOMM2_DriverIRQHandler
                0x00002a30        0xe ./drivers/fsl_lpflexcomm.o
                0x00002a30                LP_FLEXCOMM2_DriverIRQHandler
 .text.LP_FLEXCOMM3_DriverIRQHandler
                0x00002a3e        0xe ./drivers/fsl_lpflexcomm.o
                0x00002a3e                LP_FLEXCOMM3_DriverIRQHandler
 .text.LP_FLEXCOMM4_DriverIRQHandler
                0x00002a4c        0xe ./drivers/fsl_lpflexcomm.o
                0x00002a4c                LP_FLEXCOMM4_DriverIRQHandler
 .text.LP_FLEXCOMM5_DriverIRQHandler
                0x00002a5a        0xe ./drivers/fsl_lpflexcomm.o
                0x00002a5a                LP_FLEXCOMM5_DriverIRQHandler
 .text.LP_FLEXCOMM6_DriverIRQHandler
                0x00002a68        0xe ./drivers/fsl_lpflexcomm.o
                0x00002a68                LP_FLEXCOMM6_DriverIRQHandler
 .text.LP_FLEXCOMM7_DriverIRQHandler
                0x00002a76        0xe ./drivers/fsl_lpflexcomm.o
                0x00002a76                LP_FLEXCOMM7_DriverIRQHandler
 .text.LP_FLEXCOMM8_DriverIRQHandler
                0x00002a84        0xe ./drivers/fsl_lpflexcomm.o
                0x00002a84                LP_FLEXCOMM8_DriverIRQHandler
 .text.LP_FLEXCOMM9_DriverIRQHandler
                0x00002a92        0xe ./drivers/fsl_lpflexcomm.o
                0x00002a92                LP_FLEXCOMM9_DriverIRQHandler
 .text.LPUART_SoftwareReset
                0x00002aa0       0x2c ./drivers/fsl_lpuart.o
 .text.SPC_GetActiveModeBandgapMode
                0x00002acc       0x22 ./drivers/fsl_spc.o
 .text.SPC_GetActiveModeVoltageDetectStatus
                0x00002aee       0x22 ./drivers/fsl_spc.o
 .text.SPC_GetActiveModeCoreLDOVDDVoltageLevel
                0x00002b10       0x22 ./drivers/fsl_spc.o
 .text.SPC_GetActiveModeCoreLDODriveStrength
                0x00002b32       0x22 ./drivers/fsl_spc.o
 .text.SPC_SetActiveModeDCDCRegulatorVoltageLevel
                0x00002b54       0x32 ./drivers/fsl_spc.o
 .text.SPC_SetActiveModeCoreLDORegulatorVoltageLevel
                0x00002b86       0x60 ./drivers/fsl_spc.o
                0x00002b86                SPC_SetActiveModeCoreLDORegulatorVoltageLevel
 .text.SPC_SetActiveModeCoreLDORegulatorDriveStrength
                0x00002be6       0x5e ./drivers/fsl_spc.o
                0x00002be6                SPC_SetActiveModeCoreLDORegulatorDriveStrength
 .text.SPC_SetActiveModeDCDCRegulatorDriveStrength
                0x00002c44       0x48 ./drivers/fsl_spc.o
                0x00002c44                SPC_SetActiveModeDCDCRegulatorDriveStrength
 .text.SystemInitHook
                0x00002c8c        0xe ./device/system_MCXN947_cm33_core0.o
                0x00002c8c                SystemInitHook
 .text.HAL_UartGetStatus
                0x00002c9a       0x28 ./component/uart/fsl_adapter_lpuart.o
 .text.DisableGlobalIRQ
                0x00002cc2       0x22 ./component/serial_manager/fsl_component_serial_manager.o
 .text.EnableGlobalIRQ
                0x00002ce4       0x20 ./component/serial_manager/fsl_component_serial_manager.o
 .text.SerialManager_StartWriting
                0x00002d04       0x38 ./component/serial_manager/fsl_component_serial_manager.o
 .text.SerialManager_Write
                0x00002d3c       0x44 ./component/serial_manager/fsl_component_serial_manager.o
 .text.SerialManager_Init
                0x00002d80       0x60 ./component/serial_manager/fsl_component_serial_manager.o
                0x00002d80                SerialManager_Init
 .text.SerialManager_OpenWriteHandle
                0x00002de0       0x50 ./component/serial_manager/fsl_component_serial_manager.o
                0x00002de0                SerialManager_OpenWriteHandle
 .text.SerialManager_OpenReadHandle
                0x00002e30       0x60 ./component/serial_manager/fsl_component_serial_manager.o
                0x00002e30                SerialManager_OpenReadHandle
 .text.SerialManager_WriteBlocking
                0x00002e90       0x20 ./component/serial_manager/fsl_component_serial_manager.o
                0x00002e90                SerialManager_WriteBlocking
 .text.Serial_UartInit
                0x00002eb0       0x3e ./component/serial_manager/fsl_component_serial_port_uart.o
                0x00002eb0                Serial_UartInit
 .text.Serial_UartWrite
                0x00002eee       0x38 ./component/serial_manager/fsl_component_serial_port_uart.o
                0x00002eee                Serial_UartWrite
 .text.CLOCK_EnableClock
                0x00002f26       0x94 ./board/clock_config.o
 .text.BOARD_InitBootClocks
                0x00002fba        0xc ./board/clock_config.o
                0x00002fba                BOARD_InitBootClocks
 .text.BOARD_InitBootPeripherals
                0x00002fc6        0xe ./board/peripherals.o
                0x00002fc6                BOARD_InitBootPeripherals
 .text.CLOCK_EnableClock
                0x00002fd4       0x94 ./board/pin_mux.o
 .text.PORT_SetPinMux
                0x00003068       0x3e ./board/pin_mux.o
 .text.BOARD_InitBootPins
                0x000030a6        0xc ./board/pin_mux.o
                0x000030a6                BOARD_InitBootPins
 .text.__main   0x000030b2        0xe C:/nxp/MCUXpressoIDE_25.6.136/ide/plugins/com.nxp.mcuxpresso.tools.win32_25.6.0.202501151204/tools/bin/../lib/gcc/arm-none-eabi/14.2.1/../../../../arm-none-eabi/lib/thumb/v8-m.main+fp/hard\libcr_nohost_nf.a(_cr__main.o)
                0x000030b2                __main
 .text.memcpy   0x000030c0        0x4 C:/nxp/MCUXpressoIDE_25.6.136/ide/plugins/com.nxp.mcuxpresso.tools.win32_25.6.0.202501151204/tools/bin/../lib/gcc/arm-none-eabi/14.2.1/../../../../arm-none-eabi/lib/thumb/v8-m.main+fp/hard\libcr_c.a(memcpy.o)
                0x000030c0                memcpy
 .text.memset   0x000030c4        0x4 C:/nxp/MCUXpressoIDE_25.6.136/ide/plugins/com.nxp.mcuxpresso.tools.win32_25.6.0.202501151204/tools/bin/../lib/gcc/arm-none-eabi/14.2.1/../../../../arm-none-eabi/lib/thumb/v8-m.main+fp/hard\libcr_c.a(memset.o)
                0x000030c4                memset
 .text.free     0x000030c8       0x30 C:/nxp/MCUXpressoIDE_25.6.136/ide/plugins/com.nxp.mcuxpresso.tools.win32_25.6.0.202501151204/tools/bin/../lib/gcc/arm-none-eabi/14.2.1/../../../../arm-none-eabi/lib/thumb/v8-m.main+fp/hard\libcr_c.a(alloc.o)
                0x000030c8                free
 .text.setvbuf  0x000030f8       0x3e C:/nxp/MCUXpressoIDE_25.6.136/ide/plugins/com.nxp.mcuxpresso.tools.win32_25.6.0.202501151204/tools/bin/../lib/gcc/arm-none-eabi/14.2.1/../../../../arm-none-eabi/lib/thumb/v8-m.main+fp/hard\libcr_c.a(setvbuf.o)
                0x000030f8                setvbuf
 .text.strlen   0x00003136       0x4e C:/nxp/MCUXpressoIDE_25.6.136/ide/plugins/com.nxp.mcuxpresso.tools.win32_25.6.0.202501151204/tools/bin/../lib/gcc/arm-none-eabi/14.2.1/../../../../arm-none-eabi/lib/thumb/v8-m.main+fp/hard\libcr_c.a(strlen.o)
                0x00003136                strlen
 .text._deferredlazyseek
                0x00003184       0x40 C:/nxp/MCUXpressoIDE_25.6.136/ide/plugins/com.nxp.mcuxpresso.tools.win32_25.6.0.202501151204/tools/bin/../lib/gcc/arm-none-eabi/14.2.1/../../../../arm-none-eabi/lib/thumb/v8-m.main+fp/hard\libcr_c.a(_deferredlazyseek.o)
                0x00003184                _deferredlazyseek
 .text._fdopen  0x000031c4       0x68 C:/nxp/MCUXpressoIDE_25.6.136/ide/plugins/com.nxp.mcuxpresso.tools.win32_25.6.0.202501151204/tools/bin/../lib/gcc/arm-none-eabi/14.2.1/../../../../arm-none-eabi/lib/thumb/v8-m.main+fp/hard\libcr_c.a(_fdopen.o)
                0x000031c4                _fdopen
 .text._fflush  0x0000322c       0x52 C:/nxp/MCUXpressoIDE_25.6.136/ide/plugins/com.nxp.mcuxpresso.tools.win32_25.6.0.202501151204/tools/bin/../lib/gcc/arm-none-eabi/14.2.1/../../../../arm-none-eabi/lib/thumb/v8-m.main+fp/hard\libcr_c.a(_fflush.o)
                0x0000322c                _fflush
 .text.fclose   0x0000327e       0x58 C:/nxp/MCUXpressoIDE_25.6.136/ide/plugins/com.nxp.mcuxpresso.tools.win32_25.6.0.202501151204/tools/bin/../lib/gcc/arm-none-eabi/14.2.1/../../../../arm-none-eabi/lib/thumb/v8-m.main+fp/hard\libcr_c.a(fclose.o)
                0x0000327e                fclose
 .text.remove   0x000032d6       0x14 C:/nxp/MCUXpressoIDE_25.6.136/ide/plugins/com.nxp.mcuxpresso.tools.win32_25.6.0.202501151204/tools/bin/../lib/gcc/arm-none-eabi/14.2.1/../../../../arm-none-eabi/lib/thumb/v8-m.main+fp/hard\libcr_c.a(remove.o)
                0x000032d6                remove
 .text._do_fflush
                0x000032ea       0x40 C:/nxp/MCUXpressoIDE_25.6.136/ide/plugins/com.nxp.mcuxpresso.tools.win32_25.6.0.202501151204/tools/bin/../lib/gcc/arm-none-eabi/14.2.1/../../../../arm-none-eabi/lib/thumb/v8-m.main+fp/hard\libcr_c.a(_do_fflush.o)
                0x000032ea                _do_fflush
 .text.__aeabi_division_uldivmod
                0x0000332a      0x174 C:/nxp/MCUXpressoIDE_25.6.136/ide/plugins/com.nxp.mcuxpresso.tools.win32_25.6.0.202501151204/tools/bin/../lib/gcc/arm-none-eabi/14.2.1/thumb/v8-m.main+fp/hard\libcr_eabihelpers.a(division_64.o)
                0x0000332a                __aeabi_uldivmod
                0x0000332e                __bhs_ldivmod1
 .text.__aeabi_division_idiv0
                0x0000349e        0x2 C:/nxp/MCUXpressoIDE_25.6.136/ide/plugins/com.nxp.mcuxpresso.tools.win32_25.6.0.202501151204/tools/bin/../lib/gcc/arm-none-eabi/14.2.1/thumb/v8-m.main+fp/hard\libcr_eabihelpers.a(division_idiv0.o)
                0x0000349e                __aeabi_idiv0
 .text.__aeabi_f2ulz
                0x000034a0       0x3e C:/nxp/MCUXpressoIDE_25.6.136/ide/plugins/com.nxp.mcuxpresso.tools.win32_25.6.0.202501151204/tools/bin/../lib/gcc/arm-none-eabi/14.2.1/thumb/v8-m.main+fp/hard\libcr_eabihelpers.a(float.o)
                0x000034a0                __aeabi_f2ulz
 .text.__aeabi_memcpy
                0x000034de       0x34 C:/nxp/MCUXpressoIDE_25.6.136/ide/plugins/com.nxp.mcuxpresso.tools.win32_25.6.0.202501151204/tools/bin/../lib/gcc/arm-none-eabi/14.2.1/thumb/v8-m.main+fp/hard\libcr_eabihelpers.a(memcpy.o)
                0x000034de                __aeabi_memcpy
                0x000034e8                __aeabi_memcpy8
                0x000034e8                __aeabi_memcpy4
 .text.__aeabi_memset_lowlevel
                0x00003512       0x32 C:/nxp/MCUXpressoIDE_25.6.136/ide/plugins/com.nxp.mcuxpresso.tools.win32_25.6.0.202501151204/tools/bin/../lib/gcc/arm-none-eabi/14.2.1/thumb/v8-m.main+fp/hard\libcr_eabihelpers.a(memcpy.o)
                0x00003512                __aeabi_lowlevel_memset
 .text.__sys_close
                0x00003544        0x6 C:/nxp/MCUXpressoIDE_25.6.136/ide/plugins/com.nxp.mcuxpresso.tools.win32_25.6.0.202501151204/tools/bin/../lib/gcc/arm-none-eabi/14.2.1/../../../../arm-none-eabi/lib/thumb/v8-m.main+fp/hard\libcr_nohost_nf.a(__sys_close.o)
                0x00003544                __sys_close
 .text.__sys_flen
                0x0000354a        0x6 C:/nxp/MCUXpressoIDE_25.6.136/ide/plugins/com.nxp.mcuxpresso.tools.win32_25.6.0.202501151204/tools/bin/../lib/gcc/arm-none-eabi/14.2.1/../../../../arm-none-eabi/lib/thumb/v8-m.main+fp/hard\libcr_nohost_nf.a(__sys_flen.o)
                0x0000354a                __sys_flen
 .text.__sys_istty
                0x00003550        0x6 C:/nxp/MCUXpressoIDE_25.6.136/ide/plugins/com.nxp.mcuxpresso.tools.win32_25.6.0.202501151204/tools/bin/../lib/gcc/arm-none-eabi/14.2.1/../../../../arm-none-eabi/lib/thumb/v8-m.main+fp/hard\libcr_nohost_nf.a(__sys_istty.o)
                0x00003550                __sys_istty
 .text.__sys_remove
                0x00003556        0x6 C:/nxp/MCUXpressoIDE_25.6.136/ide/plugins/com.nxp.mcuxpresso.tools.win32_25.6.0.202501151204/tools/bin/../lib/gcc/arm-none-eabi/14.2.1/../../../../arm-none-eabi/lib/thumb/v8-m.main+fp/hard\libcr_nohost_nf.a(__sys_remove.o)
                0x00003556                __sys_remove
 .text.__sys_seek
                0x0000355c        0x6 C:/nxp/MCUXpressoIDE_25.6.136/ide/plugins/com.nxp.mcuxpresso.tools.win32_25.6.0.202501151204/tools/bin/../lib/gcc/arm-none-eabi/14.2.1/../../../../arm-none-eabi/lib/thumb/v8-m.main+fp/hard\libcr_nohost_nf.a(__sys_seek.o)
                0x0000355c                __sys_seek
 .text.__sys_tmpnam
                0x00003562        0x6 C:/nxp/MCUXpressoIDE_25.6.136/ide/plugins/com.nxp.mcuxpresso.tools.win32_25.6.0.202501151204/tools/bin/../lib/gcc/arm-none-eabi/14.2.1/../../../../arm-none-eabi/lib/thumb/v8-m.main+fp/hard\libcr_nohost_nf.a(__sys_tmpnam.o)
                0x00003562                __sys_tmpnam
 .text.__sys_write
                0x00003568        0x4 C:/nxp/MCUXpressoIDE_25.6.136/ide/plugins/com.nxp.mcuxpresso.tools.win32_25.6.0.202501151204/tools/bin/../lib/gcc/arm-none-eabi/14.2.1/../../../../arm-none-eabi/lib/thumb/v8-m.main+fp/hard\libcr_nohost_nf.a(__sys_write.o)
                0x00003568                __sys_write
 *(SORT_BY_ALIGNMENT(.rodata) SORT_BY_ALIGNMENT(.rodata.*) SORT_BY_ALIGNMENT(.constdata) SORT_BY_ALIGNMENT(.constdata.*))
 .rodata.__assertion_failed.str1.4
                0x0000356c      0x4c9 ./utilities/fsl_assert.o
                                 0x14 (size before relaxing)
 .rodata.main.str1.4
                0x00003a35       0x11 ./source/MCXN947_Project_pwm_1.o
 *fill*         0x00003a35        0x3 ff
 .rodata.s_lpflexcommBase
                0x00003a38       0x28 ./drivers/fsl_lpflexcomm.o
 .rodata.s_lpflexcommClocks
                0x00003a60       0x14 ./drivers/fsl_lpflexcomm.o
 .rodata.s_lpflexcommResets
                0x00003a74       0x28 ./drivers/fsl_lpflexcomm.o
 .rodata.LP_FLEXCOMM_SetPeriph.str1.4
                0x00003a9c       0x43 ./drivers/fsl_lpflexcomm.o
 .rodata.LP_FLEXCOMM_Init.str1.4
                0x00003a9c       0x49 ./drivers/fsl_lpflexcomm.o
 .rodata.s_lpuartBases
                0x00003a9c       0x28 ./drivers/fsl_lpuart.o
 .rodata.LPUART_GetInstance.str1.4
                0x00003ac4       0x38 ./drivers/fsl_lpuart.o
 .rodata.LPUART_Init.str1.4
                0x00003ac4      0x10a ./drivers/fsl_lpuart.o
 .rodata.LPUART_GetDefaultConfig.str1.4
                0x00003ac4       0x22 ./drivers/fsl_lpuart.o
 .rodata.LPUART_WriteBlocking.str1.4
                0x00003ac4       0x21 ./drivers/fsl_lpuart.o
 .rodata.RESET_ClearPeripheralReset.str1.4
                0x00003ac4       0x1e ./drivers/fsl_reset.o
 .rodata.SPC_SetSRAMOperateVoltage.str1.4
                0x00003ac4       0x1f ./drivers/fsl_spc.o
 .rodata.SPC_SetActiveModeCoreLDORegulatorConfig.str1.4
                0x00003ac4       0x1f ./drivers/fsl_spc.o
 .rodata.SPC_SetActiveModeDCDCRegulatorConfig.str1.4
                0x00003ac4       0x20 ./drivers/fsl_spc.o
 .rodata.s_LpuartAdapterBase
                0x00003ac4       0x28 ./component/uart/fsl_adapter_lpuart.o
 .rodata.HAL_UartInit.str1.4
                0x00003aec      0x116 ./component/uart/fsl_adapter_lpuart.o
 .rodata.HAL_UartSendBlocking.str1.4
                0x00003aec       0x7b ./component/uart/fsl_adapter_lpuart.o
 .rodata        0x00003aec        0xa ./board/clock_config.o
 .rodata.PORT_SetPinConfig.str1.4
                0x00003af6       0x71 ./board/pin_mux.o
 *fill*         0x00003af6        0x2 ff
 .rodata.__num_Ciob_streams
                0x00003af8        0x4 C:/nxp/MCUXpressoIDE_25.6.136/ide/plugins/com.nxp.mcuxpresso.tools.win32_25.6.0.202501151204/tools/bin/../lib/gcc/arm-none-eabi/14.2.1/../../../../arm-none-eabi/lib/thumb/v8-m.main+fp/hard\libcr_nohost_nf.a(__ciob.o)
                0x00003af8                __num_Ciob_streams
 .rodata._initio.str1.1
                0x00003afc        0x4 C:/nxp/MCUXpressoIDE_25.6.136/ide/plugins/com.nxp.mcuxpresso.tools.win32_25.6.0.202501151204/tools/bin/../lib/gcc/arm-none-eabi/14.2.1/../../../../arm-none-eabi/lib/thumb/v8-m.main+fp/hard\libcr_c.a(initio.o)
                0x00003b00                        . = ALIGN (0x4)

.glue_7         0x00003b00        0x0
 .glue_7        0x00003b00        0x0 linker stubs

.glue_7t        0x00003b00        0x0
 .glue_7t       0x00003b00        0x0 linker stubs

.vfp11_veneer   0x00003b00        0x0
 .vfp11_veneer  0x00003b00        0x0 linker stubs

.v4_bx          0x00003b00        0x0
 .v4_bx         0x00003b00        0x0 linker stubs

.iplt           0x00003b00        0x0
 .iplt          0x00003b00        0x0 ./utilities/str/fsl_str.o

.rel.dyn        0x00003b00        0x0
 .rel.iplt      0x00003b00        0x0 ./utilities/str/fsl_str.o

.ARM.extab
 *(SORT_BY_ALIGNMENT(.ARM.extab*) SORT_BY_ALIGNMENT(.gnu.linkonce.armextab.*))

.ARM.exidx      0x00003b00        0x0
                0x00003b00                        __exidx_start = .
 *(SORT_BY_ALIGNMENT(.ARM.exidx*) SORT_BY_ALIGNMENT(.gnu.linkonce.armexidx.*))
                0x00003b00                        __exidx_end = .
                0x00003b00                        _etext = .

.m_usb_data
 *(SORT_BY_ALIGNMENT(m_usb_global))

.data_RAM2      0x04000000        0x0 load address 0x00003b00
 FILL mask 0xff
                [!provide]                        PROVIDE (__start_data_RAM2 = .)
                [!provide]                        PROVIDE (__start_data_SRAMX = .)
 *(SORT_BY_ALIGNMENT(.ramfunc.$RAM2))
 *(SORT_BY_ALIGNMENT(.ramfunc.$SRAMX))
 *(SORT_BY_ALIGNMENT(.data.$RAM2))
 *(SORT_BY_ALIGNMENT(.data.$SRAMX))
 *(SORT_BY_ALIGNMENT(.data.$RAM2.*))
 *(SORT_BY_ALIGNMENT(.data.$SRAMX.*))
                0x04000000                        . = ALIGN (0x4)
                [!provide]                        PROVIDE (__end_data_RAM2 = .)
                [!provide]                        PROVIDE (__end_data_SRAMX = .)

.data_RAM3      0x20060000        0x0 load address 0x00003b00
 FILL mask 0xff
                [!provide]                        PROVIDE (__start_data_RAM3 = .)
                [!provide]                        PROVIDE (__start_data_SRAMH = .)
 *(SORT_BY_ALIGNMENT(.ramfunc.$RAM3))
 *(SORT_BY_ALIGNMENT(.ramfunc.$SRAMH))
 *(SORT_BY_ALIGNMENT(.data.$RAM3))
 *(SORT_BY_ALIGNMENT(.data.$SRAMH))
 *(SORT_BY_ALIGNMENT(.data.$RAM3.*))
 *(SORT_BY_ALIGNMENT(.data.$SRAMH.*))
                0x20060000                        . = ALIGN (0x4)
                [!provide]                        PROVIDE (__end_data_RAM3 = .)
                [!provide]                        PROVIDE (__end_data_SRAMH = .)

.data_RAM4      0x400ba000        0x0 load address 0x00003b00
 FILL mask 0xff
                [!provide]                        PROVIDE (__start_data_RAM4 = .)
                [!provide]                        PROVIDE (__start_data_USB_RAM = .)
 *(SORT_BY_ALIGNMENT(.ramfunc.$RAM4))
 *(SORT_BY_ALIGNMENT(.ramfunc.$USB_RAM))
 *(SORT_BY_ALIGNMENT(.data.$RAM4))
 *(SORT_BY_ALIGNMENT(.data.$USB_RAM))
 *(SORT_BY_ALIGNMENT(.data.$RAM4.*))
 *(SORT_BY_ALIGNMENT(.data.$USB_RAM.*))
                0x400ba000                        . = ALIGN (0x4)
                [!provide]                        PROVIDE (__end_data_RAM4 = .)
                [!provide]                        PROVIDE (__end_data_USB_RAM = .)

.uninit_RESERVED
                0x20000000        0x0
                0x20000000                        _start_uninit_RESERVED = .
 *(SORT_BY_ALIGNMENT(.bss.$RESERVED*))
                0x20000000                        . = ALIGN (0x4)
                0x20000000                        _end_uninit_RESERVED = .

.data           0x20000000        0xc load address 0x00003b00
 FILL mask 0xff
                0x20000000                        _data = .
                [!provide]                        PROVIDE (__start_data_RAM = .)
                [!provide]                        PROVIDE (__start_data_SRAM = .)
 *(SORT_BY_ALIGNMENT(vtable))
 *(SORT_BY_ALIGNMENT(.ramfunc*))
 *(SORT_BY_ALIGNMENT(CodeQuickAccess))
 *(SORT_BY_ALIGNMENT(DataQuickAccess))
 *(SORT_BY_ALIGNMENT(RamFunction))
 *(SORT_BY_ALIGNMENT(.data*))
 .data.s_Ext_Clk_Freq
                0x20000000        0x4 ./drivers/fsl_clock.o
 .data.s_Xtal32_Freq
                0x20000004        0x4 ./drivers/fsl_clock.o
 .data.SystemCoreClock
                0x20000008        0x4 ./device/system_MCXN947_cm33_core0.o
                0x20000008                SystemCoreClock
                0x2000000c                        . = ALIGN (0x4)
                0x2000000c                        _edata = .
                [!provide]                        PROVIDE (__end_data_RAM = .)
                [!provide]                        PROVIDE (__end_data_SRAM = .)

.igot.plt       0x2000000c        0x0 load address 0x00003b0c
 .igot.plt      0x2000000c        0x0 ./utilities/str/fsl_str.o

.bss_RAM2       0x04000000        0x0
                [!provide]                        PROVIDE (__start_bss_RAM2 = .)
                [!provide]                        PROVIDE (__start_bss_SRAMX = .)
 *(SORT_BY_ALIGNMENT(.bss.$RAM2))
 *(SORT_BY_ALIGNMENT(.bss.$SRAMX))
 *(SORT_BY_ALIGNMENT(.bss.$RAM2.*))
 *(SORT_BY_ALIGNMENT(.bss.$SRAMX.*))
                0x04000000                        . = ALIGN ((. != 0x0)?0x4:0x1)
                [!provide]                        PROVIDE (__end_bss_RAM2 = .)
                [!provide]                        PROVIDE (__end_bss_SRAMX = .)

.bss_RAM3       0x20060000        0x0
                [!provide]                        PROVIDE (__start_bss_RAM3 = .)
                [!provide]                        PROVIDE (__start_bss_SRAMH = .)
 *(SORT_BY_ALIGNMENT(.bss.$RAM3))
 *(SORT_BY_ALIGNMENT(.bss.$SRAMH))
 *(SORT_BY_ALIGNMENT(.bss.$RAM3.*))
 *(SORT_BY_ALIGNMENT(.bss.$SRAMH.*))
                0x20060000                        . = ALIGN ((. != 0x0)?0x4:0x1)
                [!provide]                        PROVIDE (__end_bss_RAM3 = .)
                [!provide]                        PROVIDE (__end_bss_SRAMH = .)

.bss_RAM4       0x400ba000        0x0
                [!provide]                        PROVIDE (__start_bss_RAM4 = .)
                [!provide]                        PROVIDE (__start_bss_USB_RAM = .)
 *(SORT_BY_ALIGNMENT(.bss.$RAM4))
 *(SORT_BY_ALIGNMENT(.bss.$USB_RAM))
 *(SORT_BY_ALIGNMENT(.bss.$RAM4.*))
 *(SORT_BY_ALIGNMENT(.bss.$USB_RAM.*))
                0x400ba000                        . = ALIGN ((. != 0x0)?0x4:0x1)
                [!provide]                        PROVIDE (__end_bss_RAM4 = .)
                [!provide]                        PROVIDE (__end_bss_USB_RAM = .)

.bss            0x2000000c      0x220
                0x2000000c                        _bss = .
                [!provide]                        PROVIDE (__start_bss_RAM = .)
                [!provide]                        PROVIDE (__start_bss_SRAM = .)
 *(SORT_BY_ALIGNMENT(.bss*))
 .bss.s_debugConsoleState
                0x2000000c       0x20 ./utilities/debug_console/fsl_debug_console.o
 .bss.g_serialHandle
                0x2000002c        0x4 ./utilities/debug_console/fsl_debug_console.o
                0x2000002c                g_serialHandle
 .bss.s_lpflexcommIrqHandler
                0x20000030       0xa0 ./drivers/fsl_lpflexcomm.o
 .bss.s_lpflexcommHandle
                0x200000d0       0xa0 ./drivers/fsl_lpflexcomm.o
 .bss.errno     0x20000170        0x4 C:/nxp/MCUXpressoIDE_25.6.136/ide/plugins/com.nxp.mcuxpresso.tools.win32_25.6.0.202501151204/tools/bin/../lib/gcc/arm-none-eabi/14.2.1/../../../../arm-none-eabi/lib/thumb/v8-m.main+fp/hard\libcr_c.a(errno.o)
                0x20000170                errno
 .bss.__Ciob    0x20000174       0xb4 C:/nxp/MCUXpressoIDE_25.6.136/ide/plugins/com.nxp.mcuxpresso.tools.win32_25.6.0.202501151204/tools/bin/../lib/gcc/arm-none-eabi/14.2.1/../../../../arm-none-eabi/lib/thumb/v8-m.main+fp/hard\libcr_nohost_nf.a(__ciob.o)
                0x20000174                __Ciob
 .bss.s_debugConsoleReadWaitSemaphore
                0x20000228        0x1 ./utilities/debug_console/fsl_debug_console.o
 *(SORT_BY_ALIGNMENT(COMMON))
                0x2000022c                        . = ALIGN (0x4)
 *fill*         0x20000229        0x3 
                0x2000022c                        _ebss = .
                [!provide]                        PROVIDE (__end_bss_RAM = .)
                [!provide]                        PROVIDE (__end_bss_SRAM = .)
                [!provide]                        PROVIDE (end = .)

.noinit_RAM2    0x04000000        0x0
                [!provide]                        PROVIDE (__start_noinit_RAM2 = .)
                [!provide]                        PROVIDE (__start_noinit_SRAMX = .)
 *(SORT_BY_ALIGNMENT(.noinit.$RAM2))
 *(SORT_BY_ALIGNMENT(.noinit.$SRAMX))
 *(SORT_BY_ALIGNMENT(.noinit.$RAM2.*))
 *(SORT_BY_ALIGNMENT(.noinit.$SRAMX.*))
                0x04000000                        . = ALIGN (0x4)
                [!provide]                        PROVIDE (__end_noinit_RAM2 = .)
                [!provide]                        PROVIDE (__end_noinit_SRAMX = .)

.noinit_RAM3    0x20060000        0x0
                [!provide]                        PROVIDE (__start_noinit_RAM3 = .)
                [!provide]                        PROVIDE (__start_noinit_SRAMH = .)
 *(SORT_BY_ALIGNMENT(.noinit.$RAM3))
 *(SORT_BY_ALIGNMENT(.noinit.$SRAMH))
 *(SORT_BY_ALIGNMENT(.noinit.$RAM3.*))
 *(SORT_BY_ALIGNMENT(.noinit.$SRAMH.*))
                0x20060000                        . = ALIGN (0x4)
                [!provide]                        PROVIDE (__end_noinit_RAM3 = .)
                [!provide]                        PROVIDE (__end_noinit_SRAMH = .)

.noinit_RAM4    0x400ba000        0x0
                [!provide]                        PROVIDE (__start_noinit_RAM4 = .)
                [!provide]                        PROVIDE (__start_noinit_USB_RAM = .)
 *(SORT_BY_ALIGNMENT(.noinit.$RAM4))
 *(SORT_BY_ALIGNMENT(.noinit.$USB_RAM))
 *(SORT_BY_ALIGNMENT(.noinit.$RAM4.*))
 *(SORT_BY_ALIGNMENT(.noinit.$USB_RAM.*))
                0x400ba000                        . = ALIGN (0x4)
                [!provide]                        PROVIDE (__end_noinit_RAM4 = .)
                [!provide]                        PROVIDE (__end_noinit_USB_RAM = .)

.noinit         0x2000022c        0x0
                0x2000022c                        _noinit = .
                [!provide]                        PROVIDE (__start_noinit_RAM = .)
                [!provide]                        PROVIDE (__start_noinit_SRAM = .)
 *(SORT_BY_ALIGNMENT(.noinit*))
                0x2000022c                        . = ALIGN (0x4)
                0x2000022c                        _end_noinit = .
                [!provide]                        PROVIDE (__end_noinit_RAM = .)
                [!provide]                        PROVIDE (__end_noinit_SRAM = .)
                0x00001000                        _HeapSize = 0x1000

.heap           0x2000022c     0x1000
                0x2000022c                        _pvHeapStart = .
                0x2000122c                        . = (. + _HeapSize)
 *fill*         0x2000022c     0x1000 
                0x2000122c                        . = ALIGN (0x4)
                0x2000122c                        _pvHeapLimit = .
                0x00001000                        _StackSize = 0x1000

.heap2stackfill
                0x2000122c     0x1000
                0x2000222c                        . = (. + _StackSize)
 *fill*         0x2000122c     0x1000 

.stack          0x2005f000        0x0
                0x2005f000                        _vStackBase = .
                0x2005f000                        . = ALIGN (0x4)
                0x20060000                        _vStackTop = (. + _StackSize)
                0x00000000                        _image_start = LOADADDR (.text)
                0x00003b0c                        _image_end = (LOADADDR (.data) + SIZEOF (.data))
                0x00003b0c                        _image_size = (_image_end - _image_start)
OUTPUT(MCXN947_Project_pwm_1.axf elf32-littlearm)
LOAD linker stubs

.debug_info     0x00000000    0x1d664
 .debug_info    0x00000000      0xd5d ./utilities/str/fsl_str.o
 .debug_info    0x00000d5d      0xe57 ./utilities/debug_console/fsl_debug_console.o
 .debug_info    0x00001bb4      0x1c9 ./utilities/fsl_assert.o
 .debug_info    0x00001d7d     0x14b6 ./startup/startup_mcxn947_cm33_core0.o
 .debug_info    0x00003233      0x2f7 ./source/MCXN947_Project_pwm_1.o
 .debug_info    0x0000352a       0x3c ./source/semihost_hardfault.o
 .debug_info    0x00003566     0x5211 ./drivers/fsl_clock.o
 .debug_info    0x00008777     0x238b ./drivers/fsl_lpflexcomm.o
 .debug_info    0x0000ab02     0x241e ./drivers/fsl_lpuart.o
 .debug_info    0x0000cf20     0x12e6 ./drivers/fsl_reset.o
 .debug_info    0x0000e206     0x1a73 ./drivers/fsl_spc.o
 .debug_info    0x0000fc79     0x1970 ./device/system_MCXN947_cm33_core0.o
 .debug_info    0x000115e9      0xe77 ./component/uart/fsl_adapter_lpuart.o
 .debug_info    0x00012460      0xdcb ./component/serial_manager/fsl_component_serial_manager.o
 .debug_info    0x0001322b      0x551 ./component/serial_manager/fsl_component_serial_port_uart.o
 .debug_info    0x0001377c     0x12e8 ./board/board.o
 .debug_info    0x00014a64     0x2b30 ./board/clock_config.o
 .debug_info    0x00017594       0x3c ./board/peripherals.o
 .debug_info    0x000175d0     0x1ab9 ./board/pin_mux.o
 .debug_info    0x00019089       0x85 C:/nxp/MCUXpressoIDE_25.6.136/ide/plugins/com.nxp.mcuxpresso.tools.win32_25.6.0.202501151204/tools/bin/../lib/gcc/arm-none-eabi/14.2.1/../../../../arm-none-eabi/lib/thumb/v8-m.main+fp/hard\libcr_nohost_nf.a(_cr__main.o)
 .debug_info    0x0001910e      0x12b C:/nxp/MCUXpressoIDE_25.6.136/ide/plugins/com.nxp.mcuxpresso.tools.win32_25.6.0.202501151204/tools/bin/../lib/gcc/arm-none-eabi/14.2.1/../../../../arm-none-eabi/lib/thumb/v8-m.main+fp/hard\libcr_c.a(memcpy.o)
 .debug_info    0x00019239       0xfc C:/nxp/MCUXpressoIDE_25.6.136/ide/plugins/com.nxp.mcuxpresso.tools.win32_25.6.0.202501151204/tools/bin/../lib/gcc/arm-none-eabi/14.2.1/../../../../arm-none-eabi/lib/thumb/v8-m.main+fp/hard\libcr_c.a(memset.o)
 .debug_info    0x00019335      0x520 C:/nxp/MCUXpressoIDE_25.6.136/ide/plugins/com.nxp.mcuxpresso.tools.win32_25.6.0.202501151204/tools/bin/../lib/gcc/arm-none-eabi/14.2.1/../../../../arm-none-eabi/lib/thumb/v8-m.main+fp/hard\libcr_c.a(alloc.o)
 .debug_info    0x00019855       0x44 C:/nxp/MCUXpressoIDE_25.6.136/ide/plugins/com.nxp.mcuxpresso.tools.win32_25.6.0.202501151204/tools/bin/../lib/gcc/arm-none-eabi/14.2.1/../../../../arm-none-eabi/lib/thumb/v8-m.main+fp/hard\libcr_c.a(errno.o)
 .debug_info    0x00019899      0x339 C:/nxp/MCUXpressoIDE_25.6.136/ide/plugins/com.nxp.mcuxpresso.tools.win32_25.6.0.202501151204/tools/bin/../lib/gcc/arm-none-eabi/14.2.1/../../../../arm-none-eabi/lib/thumb/v8-m.main+fp/hard\libcr_c.a(initio.o)
 .debug_info    0x00019bd2      0x1fd C:/nxp/MCUXpressoIDE_25.6.136/ide/plugins/com.nxp.mcuxpresso.tools.win32_25.6.0.202501151204/tools/bin/../lib/gcc/arm-none-eabi/14.2.1/../../../../arm-none-eabi/lib/thumb/v8-m.main+fp/hard\libcr_c.a(setvbuf.o)
 .debug_info    0x00019dcf       0xe1 C:/nxp/MCUXpressoIDE_25.6.136/ide/plugins/com.nxp.mcuxpresso.tools.win32_25.6.0.202501151204/tools/bin/../lib/gcc/arm-none-eabi/14.2.1/../../../../arm-none-eabi/lib/thumb/v8-m.main+fp/hard\libcr_c.a(strlen.o)
 .debug_info    0x00019eb0      0x396 C:/nxp/MCUXpressoIDE_25.6.136/ide/plugins/com.nxp.mcuxpresso.tools.win32_25.6.0.202501151204/tools/bin/../lib/gcc/arm-none-eabi/14.2.1/../../../../arm-none-eabi/lib/thumb/v8-m.main+fp/hard\libcr_c.a(_deferredlazyseek.o)
 .debug_info    0x0001a246      0x24b C:/nxp/MCUXpressoIDE_25.6.136/ide/plugins/com.nxp.mcuxpresso.tools.win32_25.6.0.202501151204/tools/bin/../lib/gcc/arm-none-eabi/14.2.1/../../../../arm-none-eabi/lib/thumb/v8-m.main+fp/hard\libcr_c.a(_fdopen.o)
 .debug_info    0x0001a491      0x1e3 C:/nxp/MCUXpressoIDE_25.6.136/ide/plugins/com.nxp.mcuxpresso.tools.win32_25.6.0.202501151204/tools/bin/../lib/gcc/arm-none-eabi/14.2.1/../../../../arm-none-eabi/lib/thumb/v8-m.main+fp/hard\libcr_c.a(_fflush.o)
 .debug_info    0x0001a674      0x289 C:/nxp/MCUXpressoIDE_25.6.136/ide/plugins/com.nxp.mcuxpresso.tools.win32_25.6.0.202501151204/tools/bin/../lib/gcc/arm-none-eabi/14.2.1/../../../../arm-none-eabi/lib/thumb/v8-m.main+fp/hard\libcr_c.a(_writebuf.o)
 .debug_info    0x0001a8fd      0x31e C:/nxp/MCUXpressoIDE_25.6.136/ide/plugins/com.nxp.mcuxpresso.tools.win32_25.6.0.202501151204/tools/bin/../lib/gcc/arm-none-eabi/14.2.1/../../../../arm-none-eabi/lib/thumb/v8-m.main+fp/hard\libcr_c.a(fclose.o)
 .debug_info    0x0001ac1b      0x209 C:/nxp/MCUXpressoIDE_25.6.136/ide/plugins/com.nxp.mcuxpresso.tools.win32_25.6.0.202501151204/tools/bin/../lib/gcc/arm-none-eabi/14.2.1/../../../../arm-none-eabi/lib/thumb/v8-m.main+fp/hard\libcr_c.a(fflush.o)
 .debug_info    0x0001ae24      0x276 C:/nxp/MCUXpressoIDE_25.6.136/ide/plugins/com.nxp.mcuxpresso.tools.win32_25.6.0.202501151204/tools/bin/../lib/gcc/arm-none-eabi/14.2.1/../../../../arm-none-eabi/lib/thumb/v8-m.main+fp/hard\libcr_c.a(fseek.o)
 .debug_info    0x0001b09a      0x197 C:/nxp/MCUXpressoIDE_25.6.136/ide/plugins/com.nxp.mcuxpresso.tools.win32_25.6.0.202501151204/tools/bin/../lib/gcc/arm-none-eabi/14.2.1/../../../../arm-none-eabi/lib/thumb/v8-m.main+fp/hard\libcr_c.a(ftell.o)
 .debug_info    0x0001b231      0x1d7 C:/nxp/MCUXpressoIDE_25.6.136/ide/plugins/com.nxp.mcuxpresso.tools.win32_25.6.0.202501151204/tools/bin/../lib/gcc/arm-none-eabi/14.2.1/../../../../arm-none-eabi/lib/thumb/v8-m.main+fp/hard\libcr_c.a(remove.o)
 .debug_info    0x0001b408      0x23a C:/nxp/MCUXpressoIDE_25.6.136/ide/plugins/com.nxp.mcuxpresso.tools.win32_25.6.0.202501151204/tools/bin/../lib/gcc/arm-none-eabi/14.2.1/../../../../arm-none-eabi/lib/thumb/v8-m.main+fp/hard\libcr_c.a(_do_fflush.o)
 .debug_info    0x0001b642     0x1b31 C:/nxp/MCUXpressoIDE_25.6.136/ide/plugins/com.nxp.mcuxpresso.tools.win32_25.6.0.202501151204/tools/bin/../lib/gcc/arm-none-eabi/14.2.1/thumb/v8-m.main+fp/hard\libcr_eabihelpers.a(float.o)
 .debug_info    0x0001d173      0x18b C:/nxp/MCUXpressoIDE_25.6.136/ide/plugins/com.nxp.mcuxpresso.tools.win32_25.6.0.202501151204/tools/bin/../lib/gcc/arm-none-eabi/14.2.1/../../../../arm-none-eabi/lib/thumb/v8-m.main+fp/hard\libcr_nohost_nf.a(__ciob.o)
 .debug_info    0x0001d2fe       0x6a C:/nxp/MCUXpressoIDE_25.6.136/ide/plugins/com.nxp.mcuxpresso.tools.win32_25.6.0.202501151204/tools/bin/../lib/gcc/arm-none-eabi/14.2.1/../../../../arm-none-eabi/lib/thumb/v8-m.main+fp/hard\libcr_nohost_nf.a(__sys_close.o)
 .debug_info    0x0001d368       0x6a C:/nxp/MCUXpressoIDE_25.6.136/ide/plugins/com.nxp.mcuxpresso.tools.win32_25.6.0.202501151204/tools/bin/../lib/gcc/arm-none-eabi/14.2.1/../../../../arm-none-eabi/lib/thumb/v8-m.main+fp/hard\libcr_nohost_nf.a(__sys_flen.o)
 .debug_info    0x0001d3d2       0x6a C:/nxp/MCUXpressoIDE_25.6.136/ide/plugins/com.nxp.mcuxpresso.tools.win32_25.6.0.202501151204/tools/bin/../lib/gcc/arm-none-eabi/14.2.1/../../../../arm-none-eabi/lib/thumb/v8-m.main+fp/hard\libcr_nohost_nf.a(__sys_istty.o)
 .debug_info    0x0001d43c       0x8a C:/nxp/MCUXpressoIDE_25.6.136/ide/plugins/com.nxp.mcuxpresso.tools.win32_25.6.0.202501151204/tools/bin/../lib/gcc/arm-none-eabi/14.2.1/../../../../arm-none-eabi/lib/thumb/v8-m.main+fp/hard\libcr_nohost_nf.a(__sys_remove.o)
 .debug_info    0x0001d4c6       0x78 C:/nxp/MCUXpressoIDE_25.6.136/ide/plugins/com.nxp.mcuxpresso.tools.win32_25.6.0.202501151204/tools/bin/../lib/gcc/arm-none-eabi/14.2.1/../../../../arm-none-eabi/lib/thumb/v8-m.main+fp/hard\libcr_nohost_nf.a(__sys_seek.o)
 .debug_info    0x0001d53e       0x93 C:/nxp/MCUXpressoIDE_25.6.136/ide/plugins/com.nxp.mcuxpresso.tools.win32_25.6.0.202501151204/tools/bin/../lib/gcc/arm-none-eabi/14.2.1/../../../../arm-none-eabi/lib/thumb/v8-m.main+fp/hard\libcr_nohost_nf.a(__sys_tmpnam.o)
 .debug_info    0x0001d5d1       0x93 C:/nxp/MCUXpressoIDE_25.6.136/ide/plugins/com.nxp.mcuxpresso.tools.win32_25.6.0.202501151204/tools/bin/../lib/gcc/arm-none-eabi/14.2.1/../../../../arm-none-eabi/lib/thumb/v8-m.main+fp/hard\libcr_nohost_nf.a(__sys_write.o)

.debug_abbrev   0x00000000     0x4198
 .debug_abbrev  0x00000000      0x270 ./utilities/str/fsl_str.o
 .debug_abbrev  0x00000270      0x270 ./utilities/debug_console/fsl_debug_console.o
 .debug_abbrev  0x000004e0      0x114 ./utilities/fsl_assert.o
 .debug_abbrev  0x000005f4      0x147 ./startup/startup_mcxn947_cm33_core0.o
 .debug_abbrev  0x0000073b      0x124 ./source/MCXN947_Project_pwm_1.o
 .debug_abbrev  0x0000085f       0x31 ./source/semihost_hardfault.o
 .debug_abbrev  0x00000890      0x36b ./drivers/fsl_clock.o
 .debug_abbrev  0x00000bfb      0x363 ./drivers/fsl_lpflexcomm.o
 .debug_abbrev  0x00000f5e      0x468 ./drivers/fsl_lpuart.o
 .debug_abbrev  0x000013c6      0x18e ./drivers/fsl_reset.o
 .debug_abbrev  0x00001554      0x2eb ./drivers/fsl_spc.o
 .debug_abbrev  0x0000183f      0x1e1 ./device/system_MCXN947_cm33_core0.o
 .debug_abbrev  0x00001a20      0x238 ./component/uart/fsl_adapter_lpuart.o
 .debug_abbrev  0x00001c58      0x2be ./component/serial_manager/fsl_component_serial_manager.o
 .debug_abbrev  0x00001f16      0x18c ./component/serial_manager/fsl_component_serial_port_uart.o
 .debug_abbrev  0x000020a2      0x1e6 ./board/board.o
 .debug_abbrev  0x00002288      0x263 ./board/clock_config.o
 .debug_abbrev  0x000024eb       0x31 ./board/peripherals.o
 .debug_abbrev  0x0000251c      0x2a7 ./board/pin_mux.o
 .debug_abbrev  0x000027c3       0x70 C:/nxp/MCUXpressoIDE_25.6.136/ide/plugins/com.nxp.mcuxpresso.tools.win32_25.6.0.202501151204/tools/bin/../lib/gcc/arm-none-eabi/14.2.1/../../../../arm-none-eabi/lib/thumb/v8-m.main+fp/hard\libcr_nohost_nf.a(_cr__main.o)
 .debug_abbrev  0x00002833       0xb6 C:/nxp/MCUXpressoIDE_25.6.136/ide/plugins/com.nxp.mcuxpresso.tools.win32_25.6.0.202501151204/tools/bin/../lib/gcc/arm-none-eabi/14.2.1/../../../../arm-none-eabi/lib/thumb/v8-m.main+fp/hard\libcr_c.a(memcpy.o)
 .debug_abbrev  0x000028e9       0xa8 C:/nxp/MCUXpressoIDE_25.6.136/ide/plugins/com.nxp.mcuxpresso.tools.win32_25.6.0.202501151204/tools/bin/../lib/gcc/arm-none-eabi/14.2.1/../../../../arm-none-eabi/lib/thumb/v8-m.main+fp/hard\libcr_c.a(memset.o)
 .debug_abbrev  0x00002991      0x284 C:/nxp/MCUXpressoIDE_25.6.136/ide/plugins/com.nxp.mcuxpresso.tools.win32_25.6.0.202501151204/tools/bin/../lib/gcc/arm-none-eabi/14.2.1/../../../../arm-none-eabi/lib/thumb/v8-m.main+fp/hard\libcr_c.a(alloc.o)
 .debug_abbrev  0x00002c15       0x44 C:/nxp/MCUXpressoIDE_25.6.136/ide/plugins/com.nxp.mcuxpresso.tools.win32_25.6.0.202501151204/tools/bin/../lib/gcc/arm-none-eabi/14.2.1/../../../../arm-none-eabi/lib/thumb/v8-m.main+fp/hard\libcr_c.a(errno.o)
 .debug_abbrev  0x00002c59      0x169 C:/nxp/MCUXpressoIDE_25.6.136/ide/plugins/com.nxp.mcuxpresso.tools.win32_25.6.0.202501151204/tools/bin/../lib/gcc/arm-none-eabi/14.2.1/../../../../arm-none-eabi/lib/thumb/v8-m.main+fp/hard\libcr_c.a(initio.o)
 .debug_abbrev  0x00002dc2       0xe1 C:/nxp/MCUXpressoIDE_25.6.136/ide/plugins/com.nxp.mcuxpresso.tools.win32_25.6.0.202501151204/tools/bin/../lib/gcc/arm-none-eabi/14.2.1/../../../../arm-none-eabi/lib/thumb/v8-m.main+fp/hard\libcr_c.a(setvbuf.o)
 .debug_abbrev  0x00002ea3       0xa7 C:/nxp/MCUXpressoIDE_25.6.136/ide/plugins/com.nxp.mcuxpresso.tools.win32_25.6.0.202501151204/tools/bin/../lib/gcc/arm-none-eabi/14.2.1/../../../../arm-none-eabi/lib/thumb/v8-m.main+fp/hard\libcr_c.a(strlen.o)
 .debug_abbrev  0x00002f4a      0x18e C:/nxp/MCUXpressoIDE_25.6.136/ide/plugins/com.nxp.mcuxpresso.tools.win32_25.6.0.202501151204/tools/bin/../lib/gcc/arm-none-eabi/14.2.1/../../../../arm-none-eabi/lib/thumb/v8-m.main+fp/hard\libcr_c.a(_deferredlazyseek.o)
 .debug_abbrev  0x000030d8      0x119 C:/nxp/MCUXpressoIDE_25.6.136/ide/plugins/com.nxp.mcuxpresso.tools.win32_25.6.0.202501151204/tools/bin/../lib/gcc/arm-none-eabi/14.2.1/../../../../arm-none-eabi/lib/thumb/v8-m.main+fp/hard\libcr_c.a(_fdopen.o)
 .debug_abbrev  0x000031f1       0xf1 C:/nxp/MCUXpressoIDE_25.6.136/ide/plugins/com.nxp.mcuxpresso.tools.win32_25.6.0.202501151204/tools/bin/../lib/gcc/arm-none-eabi/14.2.1/../../../../arm-none-eabi/lib/thumb/v8-m.main+fp/hard\libcr_c.a(_fflush.o)
 .debug_abbrev  0x000032e2      0x126 C:/nxp/MCUXpressoIDE_25.6.136/ide/plugins/com.nxp.mcuxpresso.tools.win32_25.6.0.202501151204/tools/bin/../lib/gcc/arm-none-eabi/14.2.1/../../../../arm-none-eabi/lib/thumb/v8-m.main+fp/hard\libcr_c.a(_writebuf.o)
 .debug_abbrev  0x00003408      0x158 C:/nxp/MCUXpressoIDE_25.6.136/ide/plugins/com.nxp.mcuxpresso.tools.win32_25.6.0.202501151204/tools/bin/../lib/gcc/arm-none-eabi/14.2.1/../../../../arm-none-eabi/lib/thumb/v8-m.main+fp/hard\libcr_c.a(fclose.o)
 .debug_abbrev  0x00003560      0x125 C:/nxp/MCUXpressoIDE_25.6.136/ide/plugins/com.nxp.mcuxpresso.tools.win32_25.6.0.202501151204/tools/bin/../lib/gcc/arm-none-eabi/14.2.1/../../../../arm-none-eabi/lib/thumb/v8-m.main+fp/hard\libcr_c.a(fflush.o)
 .debug_abbrev  0x00003685      0x11b C:/nxp/MCUXpressoIDE_25.6.136/ide/plugins/com.nxp.mcuxpresso.tools.win32_25.6.0.202501151204/tools/bin/../lib/gcc/arm-none-eabi/14.2.1/../../../../arm-none-eabi/lib/thumb/v8-m.main+fp/hard\libcr_c.a(fseek.o)