C:\Users\Lenovo\Documents\MCUXpressoIDE_25.6.136\workspace\MCXN947_Project_lcd_task_1\drivers/fsl_clock.h:1492:20:CLOCK_EnableClock	24	static
C:\Users\Lenovo\Documents\MCUXpressoIDE_25.6.136\workspace\MCXN947_Project_lcd_task_1\drivers/fsl_port.h:360:20:PORT_SetPinConfig	32	static
C:\Users\Lenovo\Documents\MCUXpressoIDE_25.6.136\workspace\MCXN947_Project_lcd_task_1\drivers/fsl_port.h:463:20:PORT_SetPinMux	24	static
../board/pin_mux.c:18:6:BOARD_InitBootPins	8	static
../board/pin_mux.c:24:6:BOARD_InitPins	40	static
../board/pin_mux.c:240:6:FLEXIO_8080_Config_Data_Pin	4	static
../board/pin_mux.c:263:6:FLEXIO_8080_Config_WR_FlexIO	4	static
../board/pin_mux.c:270:6:FLEXIO_8080_Config_WR_GPIO	4	static
../board/pin_mux.c:278:6:FLEXIO_8080_Config_RD_FlexIO	4	static
../board/pin_mux.c:284:6:FLEXIO_8080_Config_RD_GPIO	4	static
../board/pin_mux.c:292:6:FLEXIO_8080_Config_CS_GPIO	4	static
../board/pin_mux.c:300:6:FLEXIO_8080_Set_CS_Pin	16	static
../board/pin_mux.c:313:6:FLEXIO_8080_Config_RS_GPIO	4	static
../board/pin_mux.c:321:6:FLEXIO_8080_Set_RS_Pin	16	static
../board/pin_mux.c:334:6:FLEXIO_8080_Config_ReSet_GPIO	4	static
../board/pin_mux.c:342:6:FLEXIO_8080_Set_ReSet_Pin	16	static
../board/pin_mux.c:355:6:LCD_Touch_Config_INT_GPIO_Output	4	static
../board/pin_mux.c:362:6:LCD_Touch_Config_INT_GPIO_Input	4	static
../board/pin_mux.c:369:6:LCD_Touch_Set_INT_Pin	16	static
