C:\Users\Lenovo\Documents\MCUXpressoIDE_25.6.136\workspace\MCXN947_Project_pwm_1\drivers/fsl_clock.h:1492:20:CLOCK_EnableClock	24	static
C:\Users\Lenovo\Documents\MCUXpressoIDE_25.6.136\workspace\MCXN947_Project_pwm_1\drivers/fsl_port.h:360:20:PORT_SetPinConfig	32	static
C:\Users\Lenovo\Documents\MCUXpressoIDE_25.6.136\workspace\MCXN947_Project_pwm_1\drivers/fsl_port.h:463:20:PORT_SetPinMux	24	static
../board/pin_mux.c:316:6:BOARD_InitBootPins	8	static
../board/pin_mux.c:343:6:BOARD_InitDEBUG_UARTPins	16	static
../board/pin_mux.c:429:6:BOARD_InitSWD_DEBUGPins	24	static
../board/pin_mux.c:526:6:BOARD_InitLEDsPins	32	static
../board/pin_mux.c:648:6:BOARD_InitBUTTONsPins	24	static
../board/pin_mux.c:719:6:TEACH_InitButtons_lowlevel	4	static
